[deep-page] input records=22 ecom=22 by_platform={"schema-product":2,"woocommerce":4,"shopify":7,"shopify-html":4,"magento":1,"woocommerce-html":4} concurrency=22
[dp] bodylab24.de page=1 status=429 bodyLen=undefined
[dp] uservoice.com page=1 status=404 bodyLen=undefined
[dp] ecommerce-platforms.com page=1 status=404 bodyLen=undefined
[dp:wc] empire88id.com page=1 status=200 bodyLen=129800
[dp] nunalie.it page=1 status=429 bodyLen=undefined
[dp:wc] xnxx.dev page=1 status=200 bodyLen=66199
[dp] voltas.com page=1 status=429 bodyLen=undefined
[dp] yogabars.in page=1 status=429 bodyLen=undefined
[dp] thehatke.com page=1 status=429 bodyLen=undefined
[dp] greenfit.com.co page=1 status=429 bodyLen=undefined
[dp] tradablebits.com page=1 status=404 bodyLen=undefined
[dp] gracestore.pk page=1 status=429 bodyLen=undefined
[dp:wc] tinder.com page=1 status=200 bodyLen=546500
[dp] zipdo.co page=1 status=500 bodyLen=undefined
[dp:wc] dnyuz.com page=1 status=404 bodyLen=undefined
[dp] saasreviewzone.com page=1 status=404 bodyLen=undefined
[dp:wc] archiwp.com page=1 status=404 bodyLen=undefined
[dp:wc] dniperu.com page=1 status=404 bodyLen=undefined
[dp] mobileproxy.space page=1 status=404 bodyLen=undefined
[dp:mg] yiwugo.com page=1 status=200 bodyLen=36
[dp:wc] songslover.net page=1 status=404 bodyLen=undefined
[dp:wc] alexismind.com page=1 status=200 bodyLen=830044
[dp] bodylab24.de page=1 status=429 bodyLen=undefined
[dp] nunalie.it page=1 status=429 bodyLen=undefined
[dp] voltas.com page=1 status=429 bodyLen=undefined
[dp] yogabars.in page=1 status=429 bodyLen=undefined
[dp] greenfit.com.co page=1 status=429 bodyLen=undefined
[dp] thehatke.com page=1 status=429 bodyLen=undefined
[dp] gracestore.pk page=1 status=429 bodyLen=undefined
[dp] bodylab24.de page=1 status=429 bodyLen=undefined
[dp] nunalie.it page=1 status=429 bodyLen=undefined
[dp] voltas.com page=1 status=429 bodyLen=undefined
[dp] yogabars.in page=1 status=429 bodyLen=undefined
[dp] thehatke.com page=1 status=429 bodyLen=undefined
[dp] greenfit.com.co page=1 status=429 bodyLen=undefined
[dp] gracestore.pk page=1 status=429 bodyLen=undefined
[dp] bodylab24.de page=1 status=429 bodyLen=undefined
[dp] nunalie.it page=1 status=429 bodyLen=undefined
[dp] voltas.com page=1 status=429 bodyLen=undefined
[dp] yogabars.in page=1 status=429 bodyLen=undefined
[dp] thehatke.com page=1 status=429 bodyLen=undefined
[dp] greenfit.com.co page=1 status=429 bodyLen=undefined
[dp] gracestore.pk page=1 status=429 bodyLen=undefined
[dp] bodylab24.de page=1 status=429 bodyLen=undefined
[dp] nunalie.it page=1 status=429 bodyLen=undefined
[dp] voltas.com page=1 status=429 bodyLen=undefined
[dp] yogabars.in page=1 status=429 bodyLen=undefined
[dp] thehatke.com page=1 status=429 bodyLen=undefined
[dp] greenfit.com.co page=1 status=429 bodyLen=undefined
[dp] gracestore.pk page=1 status=429 bodyLen=undefined
