[ingest-daemon] dedup: 5768 -> 5757 (removed 11 duplicate skus)
(node:355973) Warning: SECURITY WARNING: The SSL modes 'prefer', 'require', and 'verify-ca' are treated as aliases for 'verify-full'.
In the next major version (pg-connection-string v3.0.0 and pg v9.0.0), these modes will adopt standard libpq semantics, which have weaker security guarantees.

To prepare for this change:
- If you want the current behavior, explicitly use 'sslmode=verify-full'
- If you want libpq compatibility now, use 'uselibpqcompat=true&sslmode=require'

See https://www.postgresql.org/docs/current/libpq-ssl.html for libpq SSL mode definitions.
(Use `node --trace-warnings ...` to show where the warning was created)
(node:355973) Warning: Setting the NODE_TLS_REJECT_UNAUTHORIZED environment variable to '0' makes TLS connections and HTTPS requests insecure by disabling certificate verification.
[ingest-daemon] curated_products.ndjson.processing.ndjson failed: bind message has 29464 parameter formats but 0 parameters
[ingest-daemon] dedup: 5768 -> 5757 (removed 11 duplicate skus)
[ingest-daemon] curated_products.ndjson.processing.ndjson failed: bind message has 29464 parameter formats but 0 parameters
[ingest-daemon] dedup: 5768 -> 5757 (removed 11 duplicate skus)
[ingest-daemon] curated_products.ndjson.processing.ndjson failed: bind message has 29464 parameter formats but 0 parameters
[ingest-daemon] dedup: 5768 -> 5757 (removed 11 duplicate skus)
[ingest-daemon] curated_products.ndjson.processing.ndjson failed: bind message has 29464 parameter formats but 0 parameters
[ingest-daemon] dedup: 5768 -> 5757 (removed 11 duplicate skus)
[ingest-daemon] curated_products.ndjson.processing.ndjson failed: bind message has 29464 parameter formats but 0 parameters
[ingest-daemon] dedup: 5768 -> 5757 (removed 11 duplicate skus)
[ingest-daemon] curated_products.ndjson.processing.ndjson failed: bind message has 29464 parameter formats but 0 parameters
[ingest-daemon] dedup: 5768 -> 5757 (removed 11 duplicate skus)
[ingest-daemon] curated_products.ndjson.processing.ndjson failed: bind message has 29464 parameter formats but 0 parameters
[ingest-daemon] dedup: 5768 -> 5757 (removed 11 duplicate skus)
[ingest-daemon] curated_products.ndjson.processing.ndjson failed: bind message has 29464 parameter formats but 0 parameters
[ingest-daemon] dedup: 5768 -> 5757 (removed 11 duplicate skus)
[ingest-daemon] curated_products.ndjson.processing.ndjson failed: bind message has 29464 parameter formats but 0 parameters
[ingest-daemon] dedup: 5768 -> 5757 (removed 11 duplicate skus)
[ingest-daemon] curated_products.ndjson.processing.ndjson failed: bind message has 29464 parameter formats but 0 parameters
[ingest-daemon] dedup: 5768 -> 5757 (removed 11 duplicate skus)
[ingest-daemon] curated_products.ndjson.processing.ndjson failed: bind message has 29464 parameter formats but 0 parameters
[ingest-daemon] dedup: 5768 -> 5757 (removed 11 duplicate skus)
[ingest-daemon] curated_products.ndjson.processing.ndjson failed: bind message has 29464 parameter formats but 0 parameters
[ingest-daemon] dedup: 5768 -> 5757 (removed 11 duplicate skus)
[ingest-daemon] curated_products.ndjson.processing.ndjson failed: bind message has 29464 parameter formats but 0 parameters
