[orch] waiting for prefilter slices...
[orch] prefilter wait: 0/8 slices present (still missing 8)
[orch] prefilter wait: 0/8 slices present (still missing 8)
[orch] prefilter wait: 0/8 slices present (still missing 8)
[orch] prefilter wait: 0/8 slices present (still missing 8)
[orch] prefilter wait: 0/8 slices present (still missing 8)
[orch] prefilter wait: 0/8 slices present (still missing 8)
[orch] prefilter wait: 0/8 slices present (still missing 8)
[orch] prefilter wait: 0/8 slices present (still missing 8)
[orch] prefilter wait: 0/8 slices present (still missing 8)
[orch] prefilter wait: 0/8 slices present (still missing 8)
[orch] prefilter wait: 0/8 slices present (still missing 8)
[orch] prefilter wait: 0/8 slices present (still missing 8)
[orch] prefilter wait: 0/8 slices present (still missing 8)
[orch] prefilter wait: 0/8 slices present (still missing 8)
[orch] prefilter wait: 0/8 slices present (still missing 8)
[orch] prefilter wait: 0/8 slices present (still missing 8)
[orch] prefilter wait: 0/8 slices present (still missing 8)
[orch] prefilter wait: 0/8 slices present (still missing 8)
[orch] prefilter wait: 0/8 slices present (still missing 8)
[orch] prefilter wait: 0/8 slices present (still missing 8)
[orch] prefilter wait: 0/8 slices present (still missing 8)
[orch] prefilter wait: 0/8 slices present (still missing 8)
[orch] prefilter wait: 0/8 slices present (still missing 8)
[orch] prefilter wait: 0/8 slices present (still missing 8)
[orch] prefilter wait: 0/8 slices present (still missing 8)
[orch] prefilter wait: 0/8 slices present (still missing 8)
[orch] prefilter wait: 0/8 slices present (still missing 8)
[orch] prefilter wait: 0/8 slices present (still missing 8)
[orch] prefilter wait: 0/8 slices present (still missing 8)
[orch] prefilter wait: 0/8 slices present (still missing 8)
[orch] prefilter wait: 0/8 slices present (still missing 8)
[orch] prefilter wait: 0/8 slices present (still missing 8)
[orch] prefilter wait: 0/8 slices present (still missing 8)
[orch] prefilter wait: 0/8 slices present (still missing 8)
[orch] prefilter wait: 0/8 slices present (still missing 8)
[orch] prefilter wait: 0/8 slices present (still missing 8)
[orch] prefilter wait: 0/8 slices present (still missing 8)
[orch] prefilter wait: 0/8 slices present (still missing 8)
[orch] prefilter wait: 0/8 slices present (still missing 8)
[orch] prefilter wait: 0/8 slices present (still missing 8)
[orch] prefilter wait: 0/8 slices present (still missing 8)
[orch] prefilter wait: 0/8 slices present (still missing 8)
[orch] prefilter wait: 0/8 slices present (still missing 8)
[orch] prefilter wait: 0/8 slices present (still missing 8)
[orch] prefilter wait: 0/8 slices present (still missing 8)
[orch] prefilter wait: 0/8 slices present (still missing 8)
[orch] prefilter wait: 0/8 slices present (still missing 8)
[orch] prefilter wait: 0/8 slices present (still missing 8)
[orch] prefilter wait: 0/8 slices present (still missing 8)
[orch] prefilter wait: 0/8 slices present (still missing 8)
[orch] prefilter wait: 0/8 slices present (still missing 8)
[orch] prefilter wait: 0/8 slices present (still missing 8)
[orch] prefilter wait: 0/8 slices present (still missing 8)
[orch] prefilter wait: 0/8 slices present (still missing 8)
[orch] prefilter wait: 0/8 slices present (still missing 8)
[orch] prefilter wait: 0/8 slices present (still missing 8)
[orch] prefilter wait: 0/8 slices present (still missing 8)
[orch] prefilter wait: 0/8 slices present (still missing 8)
[orch] prefilter wait: 0/8 slices present (still missing 8)
[orch] prefilter wait: 0/8 slices present (still missing 8)
[orch] prefilter wait: 0/8 slices present (still missing 8)
[orch] prefilter wait: 0/8 slices present (still missing 8)
[orch] prefilter wait: 0/8 slices present (still missing 8)
[orch] prefilter wait: 0/8 slices present (still missing 8)
[orch] prefilter wait: 0/8 slices present (still missing 8)
[orch] prefilter wait: 0/8 slices present (still missing 8)
[orch] prefilter wait: 0/8 slices present (still missing 8)
[orch] prefilter wait: 0/8 slices present (still missing 8)
[orch] prefilter wait: 0/8 slices present (still missing 8)
[orch] prefilter wait: 0/8 slices present (still missing 8)
[orch] prefilter wait: 0/8 slices present (still missing 8)
[orch] prefilter wait: 0/8 slices present (still missing 8)
[orch] prefilter wait: 0/8 slices present (still missing 8)
[orch] prefilter wait: 0/8 slices present (still missing 8)
[orch] prefilter wait: 0/8 slices present (still missing 8)
[orch] prefilter wait: 0/8 slices present (still missing 8)
[orch] prefilter wait: 0/8 slices present (still missing 8)
[orch] prefilter wait: 0/8 slices present (still missing 8)
[orch] prefilter wait: 0/8 slices present (still missing 8)
[orch] prefilter wait: 0/8 slices present (still missing 8)
[orch] prefilter wait: 0/8 slices present (still missing 8)
[orch] prefilter wait: 0/8 slices present (still missing 8)
[orch] prefilter wait: 0/8 slices present (still missing 8)
[orch] prefilter wait: 0/8 slices present (still missing 8)
[orch] prefilter wait: 0/8 slices present (still missing 8)
[orch] prefilter wait: 0/8 slices present (still missing 8)
[orch] prefilter wait: 4/8 slices present (still missing 4)
[orch] prefilter wait: 4/8 slices present (still missing 4)
[orch] prefilter wait: 4/8 slices present (still missing 4)
[orch] prefilter wait: 4/8 slices present (still missing 4)
[orch] prefilter wait: 4/8 slices present (still missing 4)
[orch] prefilter wait: 4/8 slices present (still missing 4)
[orch] prefilter wait: 4/8 slices present (still missing 4)
[orch] prefilter wait: 4/8 slices present (still missing 4)
[orch] prefilter wait: 4/8 slices present (still missing 4)
[orch] prefilter wait: 4/8 slices present (still missing 4)
[orch] prefilter wait: 4/8 slices present (still missing 4)
[orch] prefilter wait: 4/8 slices present (still missing 4)
[orch] prefilter wait: 4/8 slices present (still missing 4)
[orch] prefilter wait: 5/8 slices present (still missing 3)
[orch] prefilter wait: 5/8 slices present (still missing 3)
[orch] prefilter wait: 5/8 slices present (still missing 3)
[orch] prefilter wait: 5/8 slices present (still missing 3)
[orch] prefilter wait: 5/8 slices present (still missing 3)
[orch] prefilter wait: 5/8 slices present (still missing 3)
[orch] prefilter wait: 5/8 slices present (still missing 3)
[orch] prefilter wait: 5/8 slices present (still missing 3)
[orch] prefilter wait: 5/8 slices present (still missing 3)
[orch] prefilter wait: 5/8 slices present (still missing 3)
[orch] prefilter wait: 5/8 slices present (still missing 3)
[orch] prefilter wait: 5/8 slices present (still missing 3)
[orch] prefilter wait: 5/8 slices present (still missing 3)
[orch] prefilter wait: 5/8 slices present (still missing 3)
[orch] prefilter wait: 5/8 slices present (still missing 3)
[orch] prefilter wait: 5/8 slices present (still missing 3)
[orch] prefilter wait: 5/8 slices present (still missing 3)
[orch] prefilter wait: 5/8 slices present (still missing 3)
[orch] prefilter wait: 5/8 slices present (still missing 3)
[orch] prefilter wait: 5/8 slices present (still missing 3)
[orch] prefilter wait: 5/8 slices present (still missing 3)
[orch] fatal: Error: prefilter_timeout_3600000ms
    at waitForPrefilter (file:///paperclip/instances/default/projects/177bc805-e3c8-4336-84cb-8e1e482d5a17/18221361-973a-493e-9e19-4c43b7a1c6eb/_default/scripts/benchmark-orchestrator.mjs:80:9)
    at async main (file:///paperclip/instances/default/projects/177bc805-e3c8-4336-84cb-8e1e482d5a17/18221361-973a-493e-9e19-4c43b7a1c6eb/_default/scripts/benchmark-orchestrator.mjs:113:3)
