[prefilter] input=data/benchmark_2026-06-07/tranco_slice_3 domains=12494 concurrency=100
[prefilter] worker=44 checked=50/12494 passed=6 failed=44 by_platform={"shopify-html":2,"woocommerce-html":1,"schema-product":2,"magento":1}
[prefilter] worker=8 checked=100/12494 passed=10 failed=90 by_platform={"shopify-html":2,"woocommerce-html":3,"schema-product":2,"magento":1,"woocommerce":1,"magento-html":1}
[prefilter] worker=85 checked=150/12494 passed=14 failed=136 by_platform={"shopify-html":4,"woocommerce-html":4,"schema-product":3,"magento":1,"woocommerce":1,"magento-html":1}
[prefilter] worker=50 checked=200/12494 passed=22 failed=178 by_platform={"shopify-html":7,"woocommerce-html":5,"schema-product":3,"magento":2,"woocommerce":3,"magento-html":2}
[prefilter] worker=33 checked=250/12494 passed=22 failed=228 by_platform={"shopify-html":7,"woocommerce-html":5,"schema-product":3,"magento":2,"woocommerce":3,"magento-html":2}
[prefilter] worker=75 checked=300/12494 passed=22 failed=278 by_platform={"shopify-html":7,"woocommerce-html":5,"schema-product":3,"magento":2,"woocommerce":3,"magento-html":2}
[prefilter] worker=33 checked=350/12494 passed=22 failed=328 by_platform={"shopify-html":7,"woocommerce-html":5,"schema-product":3,"magento":2,"woocommerce":3,"magento-html":2}
[prefilter] worker=4 checked=400/12494 passed=22 failed=378 by_platform={"shopify-html":7,"woocommerce-html":5,"schema-product":3,"magento":2,"woocommerce":3,"magento-html":2}
[prefilter] worker=25 checked=450/12494 passed=24 failed=426 by_platform={"shopify-html":8,"woocommerce-html":5,"schema-product":4,"magento":2,"woocommerce":3,"magento-html":2}
[prefilter] worker=83 checked=500/12494 passed=25 failed=475 by_platform={"shopify-html":9,"woocommerce-html":5,"schema-product":4,"magento":2,"woocommerce":3,"magento-html":2}
[prefilter] worker=33 checked=550/12494 passed=28 failed=522 by_platform={"shopify-html":10,"woocommerce-html":5,"schema-product":5,"magento":2,"woocommerce":4,"magento-html":2}
[prefilter] worker=68 checked=600/12494 passed=33 failed=567 by_platform={"shopify-html":10,"woocommerce-html":7,"schema-product":5,"magento":2,"woocommerce":6,"magento-html":3}
[prefilter] worker=3 checked=650/12494 passed=35 failed=615 by_platform={"shopify-html":10,"woocommerce-html":8,"schema-product":5,"magento":2,"woocommerce":6,"magento-html":3,"bigcommerce-html":1}
[prefilter] worker=99 checked=700/12494 passed=35 failed=665 by_platform={"shopify-html":10,"woocommerce-html":8,"schema-product":5,"magento":2,"woocommerce":6,"magento-html":3,"bigcommerce-html":1}
[prefilter] worker=82 checked=750/12494 passed=36 failed=714 by_platform={"shopify-html":11,"woocommerce-html":8,"schema-product":5,"magento":2,"woocommerce":6,"magento-html":3,"bigcommerce-html":1}
[prefilter] worker=45 checked=800/12494 passed=39 failed=761 by_platform={"shopify-html":12,"woocommerce-html":8,"schema-product":6,"magento":2,"woocommerce":7,"magento-html":3,"bigcommerce-html":1}
[prefilter] worker=99 checked=850/12494 passed=40 failed=810 by_platform={"shopify-html":12,"woocommerce-html":9,"schema-product":6,"magento":2,"woocommerce":7,"magento-html":3,"bigcommerce-html":1}
[prefilter] worker=12 checked=900/12494 passed=42 failed=858 by_platform={"shopify-html":13,"woocommerce-html":10,"schema-product":6,"magento":2,"woocommerce":7,"magento-html":3,"bigcommerce-html":1}
[prefilter] worker=50 checked=950/12494 passed=42 failed=908 by_platform={"shopify-html":13,"woocommerce-html":10,"schema-product":6,"magento":2,"woocommerce":7,"magento-html":3,"bigcommerce-html":1}
[prefilter] worker=5 checked=1000/12494 passed=42 failed=958 by_platform={"shopify-html":13,"woocommerce-html":10,"schema-product":6,"magento":2,"woocommerce":7,"magento-html":3,"bigcommerce-html":1}
[prefilter] worker=26 checked=1050/12494 passed=42 failed=1008 by_platform={"shopify-html":13,"woocommerce-html":10,"schema-product":6,"magento":2,"woocommerce":7,"magento-html":3,"bigcommerce-html":1}
[prefilter] worker=12 checked=1100/12494 passed=42 failed=1058 by_platform={"shopify-html":13,"woocommerce-html":10,"schema-product":6,"magento":2,"woocommerce":7,"magento-html":3,"bigcommerce-html":1}
[prefilter] worker=50 checked=1150/12494 passed=42 failed=1108 by_platform={"shopify-html":13,"woocommerce-html":10,"schema-product":6,"magento":2,"woocommerce":7,"magento-html":3,"bigcommerce-html":1}
[prefilter] worker=5 checked=1200/12494 passed=42 failed=1158 by_platform={"shopify-html":13,"woocommerce-html":10,"schema-product":6,"magento":2,"woocommerce":7,"magento-html":3,"bigcommerce-html":1}
[prefilter] worker=26 checked=1250/12494 passed=42 failed=1208 by_platform={"shopify-html":13,"woocommerce-html":10,"schema-product":6,"magento":2,"woocommerce":7,"magento-html":3,"bigcommerce-html":1}
[prefilter] worker=12 checked=1300/12494 passed=42 failed=1258 by_platform={"shopify-html":13,"woocommerce-html":10,"schema-product":6,"magento":2,"woocommerce":7,"magento-html":3,"bigcommerce-html":1}
[prefilter] worker=94 checked=1350/12494 passed=42 failed=1308 by_platform={"shopify-html":13,"woocommerce-html":10,"schema-product":6,"magento":2,"woocommerce":7,"magento-html":3,"bigcommerce-html":1}
[prefilter] worker=5 checked=1400/12494 passed=42 failed=1358 by_platform={"shopify-html":13,"woocommerce-html":10,"schema-product":6,"magento":2,"woocommerce":7,"magento-html":3,"bigcommerce-html":1}
[prefilter] worker=26 checked=1450/12494 passed=42 failed=1408 by_platform={"shopify-html":13,"woocommerce-html":10,"schema-product":6,"magento":2,"woocommerce":7,"magento-html":3,"bigcommerce-html":1}
[prefilter] worker=12 checked=1500/12494 passed=42 failed=1458 by_platform={"shopify-html":13,"woocommerce-html":10,"schema-product":6,"magento":2,"woocommerce":7,"magento-html":3,"bigcommerce-html":1}
[prefilter] worker=94 checked=1550/12494 passed=42 failed=1508 by_platform={"shopify-html":13,"woocommerce-html":10,"schema-product":6,"magento":2,"woocommerce":7,"magento-html":3,"bigcommerce-html":1}
[prefilter] worker=5 checked=1600/12494 passed=42 failed=1558 by_platform={"shopify-html":13,"woocommerce-html":10,"schema-product":6,"magento":2,"woocommerce":7,"magento-html":3,"bigcommerce-html":1}
[prefilter] worker=26 checked=1650/12494 passed=42 failed=1608 by_platform={"shopify-html":13,"woocommerce-html":10,"schema-product":6,"magento":2,"woocommerce":7,"magento-html":3,"bigcommerce-html":1}
[prefilter] worker=12 checked=1700/12494 passed=42 failed=1658 by_platform={"shopify-html":13,"woocommerce-html":10,"schema-product":6,"magento":2,"woocommerce":7,"magento-html":3,"bigcommerce-html":1}
[prefilter] worker=94 checked=1750/12494 passed=42 failed=1708 by_platform={"shopify-html":13,"woocommerce-html":10,"schema-product":6,"magento":2,"woocommerce":7,"magento-html":3,"bigcommerce-html":1}
[prefilter] worker=5 checked=1800/12494 passed=42 failed=1758 by_platform={"shopify-html":13,"woocommerce-html":10,"schema-product":6,"magento":2,"woocommerce":7,"magento-html":3,"bigcommerce-html":1}
[prefilter] worker=26 checked=1850/12494 passed=42 failed=1808 by_platform={"shopify-html":13,"woocommerce-html":10,"schema-product":6,"magento":2,"woocommerce":7,"magento-html":3,"bigcommerce-html":1}
[prefilter] worker=12 checked=1900/12494 passed=42 failed=1858 by_platform={"shopify-html":13,"woocommerce-html":10,"schema-product":6,"magento":2,"woocommerce":7,"magento-html":3,"bigcommerce-html":1}
[prefilter] worker=94 checked=1950/12494 passed=42 failed=1908 by_platform={"shopify-html":13,"woocommerce-html":10,"schema-product":6,"magento":2,"woocommerce":7,"magento-html":3,"bigcommerce-html":1}
[prefilter] worker=5 checked=2000/12494 passed=42 failed=1958 by_platform={"shopify-html":13,"woocommerce-html":10,"schema-product":6,"magento":2,"woocommerce":7,"magento-html":3,"bigcommerce-html":1}
[prefilter] worker=26 checked=2050/12494 passed=42 failed=2008 by_platform={"shopify-html":13,"woocommerce-html":10,"schema-product":6,"magento":2,"woocommerce":7,"magento-html":3,"bigcommerce-html":1}
[prefilter] worker=12 checked=2100/12494 passed=42 failed=2058 by_platform={"shopify-html":13,"woocommerce-html":10,"schema-product":6,"magento":2,"woocommerce":7,"magento-html":3,"bigcommerce-html":1}
[prefilter] worker=94 checked=2150/12494 passed=42 failed=2108 by_platform={"shopify-html":13,"woocommerce-html":10,"schema-product":6,"magento":2,"woocommerce":7,"magento-html":3,"bigcommerce-html":1}
[prefilter] worker=5 checked=2200/12494 passed=42 failed=2158 by_platform={"shopify-html":13,"woocommerce-html":10,"schema-product":6,"magento":2,"woocommerce":7,"magento-html":3,"bigcommerce-html":1}
[prefilter] worker=26 checked=2250/12494 passed=42 failed=2208 by_platform={"shopify-html":13,"woocommerce-html":10,"schema-product":6,"magento":2,"woocommerce":7,"magento-html":3,"bigcommerce-html":1}
[prefilter] worker=12 checked=2300/12494 passed=42 failed=2258 by_platform={"shopify-html":13,"woocommerce-html":10,"schema-product":6,"magento":2,"woocommerce":7,"magento-html":3,"bigcommerce-html":1}
[prefilter] worker=94 checked=2350/12494 passed=42 failed=2308 by_platform={"shopify-html":13,"woocommerce-html":10,"schema-product":6,"magento":2,"woocommerce":7,"magento-html":3,"bigcommerce-html":1}
[prefilter] worker=5 checked=2400/12494 passed=42 failed=2358 by_platform={"shopify-html":13,"woocommerce-html":10,"schema-product":6,"magento":2,"woocommerce":7,"magento-html":3,"bigcommerce-html":1}
[prefilter] worker=26 checked=2450/12494 passed=42 failed=2408 by_platform={"shopify-html":13,"woocommerce-html":10,"schema-product":6,"magento":2,"woocommerce":7,"magento-html":3,"bigcommerce-html":1}
[prefilter] worker=12 checked=2500/12494 passed=42 failed=2458 by_platform={"shopify-html":13,"woocommerce-html":10,"schema-product":6,"magento":2,"woocommerce":7,"magento-html":3,"bigcommerce-html":1}
[prefilter] worker=94 checked=2550/12494 passed=42 failed=2508 by_platform={"shopify-html":13,"woocommerce-html":10,"schema-product":6,"magento":2,"woocommerce":7,"magento-html":3,"bigcommerce-html":1}
[prefilter] worker=5 checked=2600/12494 passed=42 failed=2558 by_platform={"shopify-html":13,"woocommerce-html":10,"schema-product":6,"magento":2,"woocommerce":7,"magento-html":3,"bigcommerce-html":1}
[prefilter] worker=26 checked=2650/12494 passed=42 failed=2608 by_platform={"shopify-html":13,"woocommerce-html":10,"schema-product":6,"magento":2,"woocommerce":7,"magento-html":3,"bigcommerce-html":1}
[prefilter] worker=12 checked=2700/12494 passed=42 failed=2658 by_platform={"shopify-html":13,"woocommerce-html":10,"schema-product":6,"magento":2,"woocommerce":7,"magento-html":3,"bigcommerce-html":1}
[prefilter] worker=94 checked=2750/12494 passed=42 failed=2708 by_platform={"shopify-html":13,"woocommerce-html":10,"schema-product":6,"magento":2,"woocommerce":7,"magento-html":3,"bigcommerce-html":1}
[prefilter] worker=5 checked=2800/12494 passed=42 failed=2758 by_platform={"shopify-html":13,"woocommerce-html":10,"schema-product":6,"magento":2,"woocommerce":7,"magento-html":3,"bigcommerce-html":1}
[prefilter] worker=26 checked=2850/12494 passed=42 failed=2808 by_platform={"shopify-html":13,"woocommerce-html":10,"schema-product":6,"magento":2,"woocommerce":7,"magento-html":3,"bigcommerce-html":1}
[prefilter] worker=12 checked=2900/12494 passed=42 failed=2858 by_platform={"shopify-html":13,"woocommerce-html":10,"schema-product":6,"magento":2,"woocommerce":7,"magento-html":3,"bigcommerce-html":1}
[prefilter] worker=94 checked=2950/12494 passed=42 failed=2908 by_platform={"shopify-html":13,"woocommerce-html":10,"schema-product":6,"magento":2,"woocommerce":7,"magento-html":3,"bigcommerce-html":1}
[prefilter] worker=5 checked=3000/12494 passed=42 failed=2958 by_platform={"shopify-html":13,"woocommerce-html":10,"schema-product":6,"magento":2,"woocommerce":7,"magento-html":3,"bigcommerce-html":1}
[prefilter] worker=26 checked=3050/12494 passed=42 failed=3008 by_platform={"shopify-html":13,"woocommerce-html":10,"schema-product":6,"magento":2,"woocommerce":7,"magento-html":3,"bigcommerce-html":1}
[prefilter] worker=12 checked=3100/12494 passed=42 failed=3058 by_platform={"shopify-html":13,"woocommerce-html":10,"schema-product":6,"magento":2,"woocommerce":7,"magento-html":3,"bigcommerce-html":1}
[prefilter] worker=94 checked=3150/12494 passed=42 failed=3108 by_platform={"shopify-html":13,"woocommerce-html":10,"schema-product":6,"magento":2,"woocommerce":7,"magento-html":3,"bigcommerce-html":1}
[prefilter] worker=5 checked=3200/12494 passed=42 failed=3158 by_platform={"shopify-html":13,"woocommerce-html":10,"schema-product":6,"magento":2,"woocommerce":7,"magento-html":3,"bigcommerce-html":1}
[prefilter] worker=26 checked=3250/12494 passed=42 failed=3208 by_platform={"shopify-html":13,"woocommerce-html":10,"schema-product":6,"magento":2,"woocommerce":7,"magento-html":3,"bigcommerce-html":1}
[prefilter] worker=12 checked=3300/12494 passed=42 failed=3258 by_platform={"shopify-html":13,"woocommerce-html":10,"schema-product":6,"magento":2,"woocommerce":7,"magento-html":3,"bigcommerce-html":1}
[prefilter] worker=94 checked=3350/12494 passed=42 failed=3308 by_platform={"shopify-html":13,"woocommerce-html":10,"schema-product":6,"magento":2,"woocommerce":7,"magento-html":3,"bigcommerce-html":1}
[prefilter] worker=5 checked=3400/12494 passed=42 failed=3358 by_platform={"shopify-html":13,"woocommerce-html":10,"schema-product":6,"magento":2,"woocommerce":7,"magento-html":3,"bigcommerce-html":1}
[prefilter] worker=26 checked=3450/12494 passed=42 failed=3408 by_platform={"shopify-html":13,"woocommerce-html":10,"schema-product":6,"magento":2,"woocommerce":7,"magento-html":3,"bigcommerce-html":1}
[prefilter] worker=12 checked=3500/12494 passed=42 failed=3458 by_platform={"shopify-html":13,"woocommerce-html":10,"schema-product":6,"magento":2,"woocommerce":7,"magento-html":3,"bigcommerce-html":1}
[prefilter] worker=94 checked=3550/12494 passed=42 failed=3508 by_platform={"shopify-html":13,"woocommerce-html":10,"schema-product":6,"magento":2,"woocommerce":7,"magento-html":3,"bigcommerce-html":1}
[prefilter] worker=5 checked=3600/12494 passed=42 failed=3558 by_platform={"shopify-html":13,"woocommerce-html":10,"schema-product":6,"magento":2,"woocommerce":7,"magento-html":3,"bigcommerce-html":1}
[prefilter] worker=26 checked=3650/12494 passed=42 failed=3608 by_platform={"shopify-html":13,"woocommerce-html":10,"schema-product":6,"magento":2,"woocommerce":7,"magento-html":3,"bigcommerce-html":1}
[prefilter] worker=12 checked=3700/12494 passed=42 failed=3658 by_platform={"shopify-html":13,"woocommerce-html":10,"schema-product":6,"magento":2,"woocommerce":7,"magento-html":3,"bigcommerce-html":1}
[prefilter] worker=94 checked=3750/12494 passed=42 failed=3708 by_platform={"shopify-html":13,"woocommerce-html":10,"schema-product":6,"magento":2,"woocommerce":7,"magento-html":3,"bigcommerce-html":1}
[prefilter] worker=5 checked=3800/12494 passed=42 failed=3758 by_platform={"shopify-html":13,"woocommerce-html":10,"schema-product":6,"magento":2,"woocommerce":7,"magento-html":3,"bigcommerce-html":1}
[prefilter] worker=26 checked=3850/12494 passed=42 failed=3808 by_platform={"shopify-html":13,"woocommerce-html":10,"schema-product":6,"magento":2,"woocommerce":7,"magento-html":3,"bigcommerce-html":1}
[prefilter] worker=12 checked=3900/12494 passed=42 failed=3858 by_platform={"shopify-html":13,"woocommerce-html":10,"schema-product":6,"magento":2,"woocommerce":7,"magento-html":3,"bigcommerce-html":1}
[prefilter] worker=94 checked=3950/12494 passed=42 failed=3908 by_platform={"shopify-html":13,"woocommerce-html":10,"schema-product":6,"magento":2,"woocommerce":7,"magento-html":3,"bigcommerce-html":1}
[prefilter] worker=5 checked=4000/12494 passed=42 failed=3958 by_platform={"shopify-html":13,"woocommerce-html":10,"schema-product":6,"magento":2,"woocommerce":7,"magento-html":3,"bigcommerce-html":1}
[prefilter] worker=26 checked=4050/12494 passed=42 failed=4008 by_platform={"shopify-html":13,"woocommerce-html":10,"schema-product":6,"magento":2,"woocommerce":7,"magento-html":3,"bigcommerce-html":1}
[prefilter] worker=12 checked=4100/12494 passed=42 failed=4058 by_platform={"shopify-html":13,"woocommerce-html":10,"schema-product":6,"magento":2,"woocommerce":7,"magento-html":3,"bigcommerce-html":1}
[prefilter] worker=94 checked=4150/12494 passed=42 failed=4108 by_platform={"shopify-html":13,"woocommerce-html":10,"schema-product":6,"magento":2,"woocommerce":7,"magento-html":3,"bigcommerce-html":1}
[prefilter] worker=5 checked=4200/12494 passed=42 failed=4158 by_platform={"shopify-html":13,"woocommerce-html":10,"schema-product":6,"magento":2,"woocommerce":7,"magento-html":3,"bigcommerce-html":1}
[prefilter] worker=26 checked=4250/12494 passed=42 failed=4208 by_platform={"shopify-html":13,"woocommerce-html":10,"schema-product":6,"magento":2,"woocommerce":7,"magento-html":3,"bigcommerce-html":1}
[prefilter] worker=12 checked=4300/12494 passed=42 failed=4258 by_platform={"shopify-html":13,"woocommerce-html":10,"schema-product":6,"magento":2,"woocommerce":7,"magento-html":3,"bigcommerce-html":1}
[prefilter] worker=94 checked=4350/12494 passed=42 failed=4308 by_platform={"shopify-html":13,"woocommerce-html":10,"schema-product":6,"magento":2,"woocommerce":7,"magento-html":3,"bigcommerce-html":1}
[prefilter] worker=5 checked=4400/12494 passed=42 failed=4358 by_platform={"shopify-html":13,"woocommerce-html":10,"schema-product":6,"magento":2,"woocommerce":7,"magento-html":3,"bigcommerce-html":1}
[prefilter] worker=26 checked=4450/12494 passed=42 failed=4408 by_platform={"shopify-html":13,"woocommerce-html":10,"schema-product":6,"magento":2,"woocommerce":7,"magento-html":3,"bigcommerce-html":1}
[prefilter] worker=12 checked=4500/12494 passed=42 failed=4458 by_platform={"shopify-html":13,"woocommerce-html":10,"schema-product":6,"magento":2,"woocommerce":7,"magento-html":3,"bigcommerce-html":1}
[prefilter] worker=94 checked=4550/12494 passed=42 failed=4508 by_platform={"shopify-html":13,"woocommerce-html":10,"schema-product":6,"magento":2,"woocommerce":7,"magento-html":3,"bigcommerce-html":1}
[prefilter] worker=5 checked=4600/12494 passed=42 failed=4558 by_platform={"shopify-html":13,"woocommerce-html":10,"schema-product":6,"magento":2,"woocommerce":7,"magento-html":3,"bigcommerce-html":1}
[prefilter] worker=26 checked=4650/12494 passed=42 failed=4608 by_platform={"shopify-html":13,"woocommerce-html":10,"schema-product":6,"magento":2,"woocommerce":7,"magento-html":3,"bigcommerce-html":1}
[prefilter] worker=12 checked=4700/12494 passed=42 failed=4658 by_platform={"shopify-html":13,"woocommerce-html":10,"schema-product":6,"magento":2,"woocommerce":7,"magento-html":3,"bigcommerce-html":1}
[prefilter] worker=94 checked=4750/12494 passed=42 failed=4708 by_platform={"shopify-html":13,"woocommerce-html":10,"schema-product":6,"magento":2,"woocommerce":7,"magento-html":3,"bigcommerce-html":1}
[prefilter] worker=5 checked=4800/12494 passed=42 failed=4758 by_platform={"shopify-html":13,"woocommerce-html":10,"schema-product":6,"magento":2,"woocommerce":7,"magento-html":3,"bigcommerce-html":1}
[prefilter] worker=26 checked=4850/12494 passed=42 failed=4808 by_platform={"shopify-html":13,"woocommerce-html":10,"schema-product":6,"magento":2,"woocommerce":7,"magento-html":3,"bigcommerce-html":1}
[prefilter] worker=12 checked=4900/12494 passed=42 failed=4858 by_platform={"shopify-html":13,"woocommerce-html":10,"schema-product":6,"magento":2,"woocommerce":7,"magento-html":3,"bigcommerce-html":1}
[prefilter] worker=94 checked=4950/12494 passed=42 failed=4908 by_platform={"shopify-html":13,"woocommerce-html":10,"schema-product":6,"magento":2,"woocommerce":7,"magento-html":3,"bigcommerce-html":1}
[prefilter] worker=5 checked=5000/12494 passed=42 failed=4958 by_platform={"shopify-html":13,"woocommerce-html":10,"schema-product":6,"magento":2,"woocommerce":7,"magento-html":3,"bigcommerce-html":1}
[prefilter] worker=26 checked=5050/12494 passed=42 failed=5008 by_platform={"shopify-html":13,"woocommerce-html":10,"schema-product":6,"magento":2,"woocommerce":7,"magento-html":3,"bigcommerce-html":1}
[prefilter] worker=12 checked=5100/12494 passed=42 failed=5058 by_platform={"shopify-html":13,"woocommerce-html":10,"schema-product":6,"magento":2,"woocommerce":7,"magento-html":3,"bigcommerce-html":1}
[prefilter] worker=94 checked=5150/12494 passed=42 failed=5108 by_platform={"shopify-html":13,"woocommerce-html":10,"schema-product":6,"magento":2,"woocommerce":7,"magento-html":3,"bigcommerce-html":1}
[prefilter] worker=5 checked=5200/12494 passed=42 failed=5158 by_platform={"shopify-html":13,"woocommerce-html":10,"schema-product":6,"magento":2,"woocommerce":7,"magento-html":3,"bigcommerce-html":1}
[prefilter] worker=26 checked=5250/12494 passed=42 failed=5208 by_platform={"shopify-html":13,"woocommerce-html":10,"schema-product":6,"magento":2,"woocommerce":7,"magento-html":3,"bigcommerce-html":1}
[prefilter] worker=12 checked=5300/12494 passed=42 failed=5258 by_platform={"shopify-html":13,"woocommerce-html":10,"schema-product":6,"magento":2,"woocommerce":7,"magento-html":3,"bigcommerce-html":1}
[prefilter] worker=94 checked=5350/12494 passed=42 failed=5308 by_platform={"shopify-html":13,"woocommerce-html":10,"schema-product":6,"magento":2,"woocommerce":7,"magento-html":3,"bigcommerce-html":1}
[prefilter] worker=5 checked=5400/12494 passed=42 failed=5358 by_platform={"shopify-html":13,"woocommerce-html":10,"schema-product":6,"magento":2,"woocommerce":7,"magento-html":3,"bigcommerce-html":1}
[prefilter] worker=26 checked=5450/12494 passed=42 failed=5408 by_platform={"shopify-html":13,"woocommerce-html":10,"schema-product":6,"magento":2,"woocommerce":7,"magento-html":3,"bigcommerce-html":1}
[prefilter] worker=12 checked=5500/12494 passed=42 failed=5458 by_platform={"shopify-html":13,"woocommerce-html":10,"schema-product":6,"magento":2,"woocommerce":7,"magento-html":3,"bigcommerce-html":1}
[prefilter] worker=94 checked=5550/12494 passed=42 failed=5508 by_platform={"shopify-html":13,"woocommerce-html":10,"schema-product":6,"magento":2,"woocommerce":7,"magento-html":3,"bigcommerce-html":1}
[prefilter] worker=5 checked=5600/12494 passed=42 failed=5558 by_platform={"shopify-html":13,"woocommerce-html":10,"schema-product":6,"magento":2,"woocommerce":7,"magento-html":3,"bigcommerce-html":1}
[prefilter] worker=26 checked=5650/12494 passed=42 failed=5608 by_platform={"shopify-html":13,"woocommerce-html":10,"schema-product":6,"magento":2,"woocommerce":7,"magento-html":3,"bigcommerce-html":1}
[prefilter] worker=12 checked=5700/12494 passed=42 failed=5658 by_platform={"shopify-html":13,"woocommerce-html":10,"schema-product":6,"magento":2,"woocommerce":7,"magento-html":3,"bigcommerce-html":1}
[prefilter] worker=94 checked=5750/12494 passed=42 failed=5708 by_platform={"shopify-html":13,"woocommerce-html":10,"schema-product":6,"magento":2,"woocommerce":7,"magento-html":3,"bigcommerce-html":1}
[prefilter] worker=5 checked=5800/12494 passed=42 failed=5758 by_platform={"shopify-html":13,"woocommerce-html":10,"schema-product":6,"magento":2,"woocommerce":7,"magento-html":3,"bigcommerce-html":1}
[prefilter] worker=26 checked=5850/12494 passed=42 failed=5808 by_platform={"shopify-html":13,"woocommerce-html":10,"schema-product":6,"magento":2,"woocommerce":7,"magento-html":3,"bigcommerce-html":1}
[prefilter] worker=12 checked=5900/12494 passed=42 failed=5858 by_platform={"shopify-html":13,"woocommerce-html":10,"schema-product":6,"magento":2,"woocommerce":7,"magento-html":3,"bigcommerce-html":1}
[prefilter] worker=94 checked=5950/12494 passed=42 failed=5908 by_platform={"shopify-html":13,"woocommerce-html":10,"schema-product":6,"magento":2,"woocommerce":7,"magento-html":3,"bigcommerce-html":1}
[prefilter] worker=5 checked=6000/12494 passed=42 failed=5958 by_platform={"shopify-html":13,"woocommerce-html":10,"schema-product":6,"magento":2,"woocommerce":7,"magento-html":3,"bigcommerce-html":1}
[prefilter] worker=26 checked=6050/12494 passed=42 failed=6008 by_platform={"shopify-html":13,"woocommerce-html":10,"schema-product":6,"magento":2,"woocommerce":7,"magento-html":3,"bigcommerce-html":1}
[prefilter] worker=12 checked=6100/12494 passed=42 failed=6058 by_platform={"shopify-html":13,"woocommerce-html":10,"schema-product":6,"magento":2,"woocommerce":7,"magento-html":3,"bigcommerce-html":1}
[prefilter] worker=94 checked=6150/12494 passed=42 failed=6108 by_platform={"shopify-html":13,"woocommerce-html":10,"schema-product":6,"magento":2,"woocommerce":7,"magento-html":3,"bigcommerce-html":1}
[prefilter] worker=5 checked=6200/12494 passed=42 failed=6158 by_platform={"shopify-html":13,"woocommerce-html":10,"schema-product":6,"magento":2,"woocommerce":7,"magento-html":3,"bigcommerce-html":1}
[prefilter] worker=26 checked=6250/12494 passed=42 failed=6208 by_platform={"shopify-html":13,"woocommerce-html":10,"schema-product":6,"magento":2,"woocommerce":7,"magento-html":3,"bigcommerce-html":1}
[prefilter] worker=12 checked=6300/12494 passed=42 failed=6258 by_platform={"shopify-html":13,"woocommerce-html":10,"schema-product":6,"magento":2,"woocommerce":7,"magento-html":3,"bigcommerce-html":1}
[prefilter] worker=94 checked=6350/12494 passed=42 failed=6308 by_platform={"shopify-html":13,"woocommerce-html":10,"schema-product":6,"magento":2,"woocommerce":7,"magento-html":3,"bigcommerce-html":1}
[prefilter] worker=5 checked=6400/12494 passed=42 failed=6358 by_platform={"shopify-html":13,"woocommerce-html":10,"schema-product":6,"magento":2,"woocommerce":7,"magento-html":3,"bigcommerce-html":1}
[prefilter] worker=26 checked=6450/12494 passed=42 failed=6408 by_platform={"shopify-html":13,"woocommerce-html":10,"schema-product":6,"magento":2,"woocommerce":7,"magento-html":3,"bigcommerce-html":1}
[prefilter] worker=12 checked=6500/12494 passed=42 failed=6458 by_platform={"shopify-html":13,"woocommerce-html":10,"schema-product":6,"magento":2,"woocommerce":7,"magento-html":3,"bigcommerce-html":1}
[prefilter] worker=94 checked=6550/12494 passed=42 failed=6508 by_platform={"shopify-html":13,"woocommerce-html":10,"schema-product":6,"magento":2,"woocommerce":7,"magento-html":3,"bigcommerce-html":1}
[prefilter] worker=5 checked=6600/12494 passed=42 failed=6558 by_platform={"shopify-html":13,"woocommerce-html":10,"schema-product":6,"magento":2,"woocommerce":7,"magento-html":3,"bigcommerce-html":1}
[prefilter] worker=26 checked=6650/12494 passed=42 failed=6608 by_platform={"shopify-html":13,"woocommerce-html":10,"schema-product":6,"magento":2,"woocommerce":7,"magento-html":3,"bigcommerce-html":1}
[prefilter] worker=12 checked=6700/12494 passed=42 failed=6658 by_platform={"shopify-html":13,"woocommerce-html":10,"schema-product":6,"magento":2,"woocommerce":7,"magento-html":3,"bigcommerce-html":1}
[prefilter] worker=94 checked=6750/12494 passed=42 failed=6708 by_platform={"shopify-html":13,"woocommerce-html":10,"schema-product":6,"magento":2,"woocommerce":7,"magento-html":3,"bigcommerce-html":1}
[prefilter] worker=5 checked=6800/12494 passed=42 failed=6758 by_platform={"shopify-html":13,"woocommerce-html":10,"schema-product":6,"magento":2,"woocommerce":7,"magento-html":3,"bigcommerce-html":1}
[prefilter] worker=26 checked=6850/12494 passed=42 failed=6808 by_platform={"shopify-html":13,"woocommerce-html":10,"schema-product":6,"magento":2,"woocommerce":7,"magento-html":3,"bigcommerce-html":1}
[prefilter] worker=12 checked=6900/12494 passed=42 failed=6858 by_platform={"shopify-html":13,"woocommerce-html":10,"schema-product":6,"magento":2,"woocommerce":7,"magento-html":3,"bigcommerce-html":1}
[prefilter] worker=94 checked=6950/12494 passed=42 failed=6908 by_platform={"shopify-html":13,"woocommerce-html":10,"schema-product":6,"magento":2,"woocommerce":7,"magento-html":3,"bigcommerce-html":1}
[prefilter] worker=5 checked=7000/12494 passed=42 failed=6958 by_platform={"shopify-html":13,"woocommerce-html":10,"schema-product":6,"magento":2,"woocommerce":7,"magento-html":3,"bigcommerce-html":1}
[prefilter] worker=26 checked=7050/12494 passed=42 failed=7008 by_platform={"shopify-html":13,"woocommerce-html":10,"schema-product":6,"magento":2,"woocommerce":7,"magento-html":3,"bigcommerce-html":1}
[prefilter] worker=12 checked=7100/12494 passed=42 failed=7058 by_platform={"shopify-html":13,"woocommerce-html":10,"schema-product":6,"magento":2,"woocommerce":7,"magento-html":3,"bigcommerce-html":1}
[prefilter] worker=94 checked=7150/12494 passed=42 failed=7108 by_platform={"shopify-html":13,"woocommerce-html":10,"schema-product":6,"magento":2,"woocommerce":7,"magento-html":3,"bigcommerce-html":1}
[prefilter] worker=5 checked=7200/12494 passed=42 failed=7158 by_platform={"shopify-html":13,"woocommerce-html":10,"schema-product":6,"magento":2,"woocommerce":7,"magento-html":3,"bigcommerce-html":1}
[prefilter] worker=26 checked=7250/12494 passed=42 failed=7208 by_platform={"shopify-html":13,"woocommerce-html":10,"schema-product":6,"magento":2,"woocommerce":7,"magento-html":3,"bigcommerce-html":1}
[prefilter] worker=12 checked=7300/12494 passed=42 failed=7258 by_platform={"shopify-html":13,"woocommerce-html":10,"schema-product":6,"magento":2,"woocommerce":7,"magento-html":3,"bigcommerce-html":1}
[prefilter] worker=94 checked=7350/12494 passed=42 failed=7308 by_platform={"shopify-html":13,"woocommerce-html":10,"schema-product":6,"magento":2,"woocommerce":7,"magento-html":3,"bigcommerce-html":1}
[prefilter] worker=5 checked=7400/12494 passed=42 failed=7358 by_platform={"shopify-html":13,"woocommerce-html":10,"schema-product":6,"magento":2,"woocommerce":7,"magento-html":3,"bigcommerce-html":1}
[prefilter] worker=26 checked=7450/12494 passed=42 failed=7408 by_platform={"shopify-html":13,"woocommerce-html":10,"schema-product":6,"magento":2,"woocommerce":7,"magento-html":3,"bigcommerce-html":1}
[prefilter] worker=12 checked=7500/12494 passed=42 failed=7458 by_platform={"shopify-html":13,"woocommerce-html":10,"schema-product":6,"magento":2,"woocommerce":7,"magento-html":3,"bigcommerce-html":1}
[prefilter] worker=94 checked=7550/12494 passed=42 failed=7508 by_platform={"shopify-html":13,"woocommerce-html":10,"schema-product":6,"magento":2,"woocommerce":7,"magento-html":3,"bigcommerce-html":1}
[prefilter] worker=5 checked=7600/12494 passed=42 failed=7558 by_platform={"shopify-html":13,"woocommerce-html":10,"schema-product":6,"magento":2,"woocommerce":7,"magento-html":3,"bigcommerce-html":1}
[prefilter] worker=26 checked=7650/12494 passed=42 failed=7608 by_platform={"shopify-html":13,"woocommerce-html":10,"schema-product":6,"magento":2,"woocommerce":7,"magento-html":3,"bigcommerce-html":1}
[prefilter] worker=12 checked=7700/12494 passed=42 failed=7658 by_platform={"shopify-html":13,"woocommerce-html":10,"schema-product":6,"magento":2,"woocommerce":7,"magento-html":3,"bigcommerce-html":1}
[prefilter] worker=94 checked=7750/12494 passed=42 failed=7708 by_platform={"shopify-html":13,"woocommerce-html":10,"schema-product":6,"magento":2,"woocommerce":7,"magento-html":3,"bigcommerce-html":1}
[prefilter] worker=5 checked=7800/12494 passed=42 failed=7758 by_platform={"shopify-html":13,"woocommerce-html":10,"schema-product":6,"magento":2,"woocommerce":7,"magento-html":3,"bigcommerce-html":1}
[prefilter] worker=26 checked=7850/12494 passed=42 failed=7808 by_platform={"shopify-html":13,"woocommerce-html":10,"schema-product":6,"magento":2,"woocommerce":7,"magento-html":3,"bigcommerce-html":1}
[prefilter] worker=12 checked=7900/12494 passed=42 failed=7858 by_platform={"shopify-html":13,"woocommerce-html":10,"schema-product":6,"magento":2,"woocommerce":7,"magento-html":3,"bigcommerce-html":1}
[prefilter] worker=94 checked=7950/12494 passed=42 failed=7908 by_platform={"shopify-html":13,"woocommerce-html":10,"schema-product":6,"magento":2,"woocommerce":7,"magento-html":3,"bigcommerce-html":1}
[prefilter] worker=5 checked=8000/12494 passed=42 failed=7958 by_platform={"shopify-html":13,"woocommerce-html":10,"schema-product":6,"magento":2,"woocommerce":7,"magento-html":3,"bigcommerce-html":1}
[prefilter] worker=26 checked=8050/12494 passed=42 failed=8008 by_platform={"shopify-html":13,"woocommerce-html":10,"schema-product":6,"magento":2,"woocommerce":7,"magento-html":3,"bigcommerce-html":1}
[prefilter] worker=12 checked=8100/12494 passed=42 failed=8058 by_platform={"shopify-html":13,"woocommerce-html":10,"schema-product":6,"magento":2,"woocommerce":7,"magento-html":3,"bigcommerce-html":1}
[prefilter] worker=94 checked=8150/12494 passed=42 failed=8108 by_platform={"shopify-html":13,"woocommerce-html":10,"schema-product":6,"magento":2,"woocommerce":7,"magento-html":3,"bigcommerce-html":1}
[prefilter] worker=5 checked=8200/12494 passed=42 failed=8158 by_platform={"shopify-html":13,"woocommerce-html":10,"schema-product":6,"magento":2,"woocommerce":7,"magento-html":3,"bigcommerce-html":1}
[prefilter] worker=26 checked=8250/12494 passed=42 failed=8208 by_platform={"shopify-html":13,"woocommerce-html":10,"schema-product":6,"magento":2,"woocommerce":7,"magento-html":3,"bigcommerce-html":1}
[prefilter] worker=12 checked=8300/12494 passed=42 failed=8258 by_platform={"shopify-html":13,"woocommerce-html":10,"schema-product":6,"magento":2,"woocommerce":7,"magento-html":3,"bigcommerce-html":1}
[prefilter] worker=94 checked=8350/12494 passed=42 failed=8308 by_platform={"shopify-html":13,"woocommerce-html":10,"schema-product":6,"magento":2,"woocommerce":7,"magento-html":3,"bigcommerce-html":1}
[prefilter] worker=5 checked=8400/12494 passed=42 failed=8358 by_platform={"shopify-html":13,"woocommerce-html":10,"schema-product":6,"magento":2,"woocommerce":7,"magento-html":3,"bigcommerce-html":1}
[prefilter] worker=26 checked=8450/12494 passed=42 failed=8408 by_platform={"shopify-html":13,"woocommerce-html":10,"schema-product":6,"magento":2,"woocommerce":7,"magento-html":3,"bigcommerce-html":1}
[prefilter] worker=12 checked=8500/12494 passed=42 failed=8458 by_platform={"shopify-html":13,"woocommerce-html":10,"schema-product":6,"magento":2,"woocommerce":7,"magento-html":3,"bigcommerce-html":1}
[prefilter] worker=94 checked=8550/12494 passed=42 failed=8508 by_platform={"shopify-html":13,"woocommerce-html":10,"schema-product":6,"magento":2,"woocommerce":7,"magento-html":3,"bigcommerce-html":1}
[prefilter] worker=5 checked=8600/12494 passed=42 failed=8558 by_platform={"shopify-html":13,"woocommerce-html":10,"schema-product":6,"magento":2,"woocommerce":7,"magento-html":3,"bigcommerce-html":1}
[prefilter] worker=26 checked=8650/12494 passed=42 failed=8608 by_platform={"shopify-html":13,"woocommerce-html":10,"schema-product":6,"magento":2,"woocommerce":7,"magento-html":3,"bigcommerce-html":1}
[prefilter] worker=12 checked=8700/12494 passed=42 failed=8658 by_platform={"shopify-html":13,"woocommerce-html":10,"schema-product":6,"magento":2,"woocommerce":7,"magento-html":3,"bigcommerce-html":1}
[prefilter] worker=94 checked=8750/12494 passed=42 failed=8708 by_platform={"shopify-html":13,"woocommerce-html":10,"schema-product":6,"magento":2,"woocommerce":7,"magento-html":3,"bigcommerce-html":1}
[prefilter] worker=5 checked=8800/12494 passed=42 failed=8758 by_platform={"shopify-html":13,"woocommerce-html":10,"schema-product":6,"magento":2,"woocommerce":7,"magento-html":3,"bigcommerce-html":1}
[prefilter] worker=26 checked=8850/12494 passed=42 failed=8808 by_platform={"shopify-html":13,"woocommerce-html":10,"schema-product":6,"magento":2,"woocommerce":7,"magento-html":3,"bigcommerce-html":1}
[prefilter] worker=12 checked=8900/12494 passed=42 failed=8858 by_platform={"shopify-html":13,"woocommerce-html":10,"schema-product":6,"magento":2,"woocommerce":7,"magento-html":3,"bigcommerce-html":1}
[prefilter] worker=94 checked=8950/12494 passed=42 failed=8908 by_platform={"shopify-html":13,"woocommerce-html":10,"schema-product":6,"magento":2,"woocommerce":7,"magento-html":3,"bigcommerce-html":1}
[prefilter] worker=5 checked=9000/12494 passed=42 failed=8958 by_platform={"shopify-html":13,"woocommerce-html":10,"schema-product":6,"magento":2,"woocommerce":7,"magento-html":3,"bigcommerce-html":1}
[prefilter] worker=26 checked=9050/12494 passed=42 failed=9008 by_platform={"shopify-html":13,"woocommerce-html":10,"schema-product":6,"magento":2,"woocommerce":7,"magento-html":3,"bigcommerce-html":1}
[prefilter] worker=12 checked=9100/12494 passed=42 failed=9058 by_platform={"shopify-html":13,"woocommerce-html":10,"schema-product":6,"magento":2,"woocommerce":7,"magento-html":3,"bigcommerce-html":1}
[prefilter] worker=94 checked=9150/12494 passed=42 failed=9108 by_platform={"shopify-html":13,"woocommerce-html":10,"schema-product":6,"magento":2,"woocommerce":7,"magento-html":3,"bigcommerce-html":1}
[prefilter] worker=5 checked=9200/12494 passed=42 failed=9158 by_platform={"shopify-html":13,"woocommerce-html":10,"schema-product":6,"magento":2,"woocommerce":7,"magento-html":3,"bigcommerce-html":1}
[prefilter] worker=26 checked=9250/12494 passed=42 failed=9208 by_platform={"shopify-html":13,"woocommerce-html":10,"schema-product":6,"magento":2,"woocommerce":7,"magento-html":3,"bigcommerce-html":1}
[prefilter] worker=12 checked=9300/12494 passed=42 failed=9258 by_platform={"shopify-html":13,"woocommerce-html":10,"schema-product":6,"magento":2,"woocommerce":7,"magento-html":3,"bigcommerce-html":1}
[prefilter] worker=94 checked=9350/12494 passed=42 failed=9308 by_platform={"shopify-html":13,"woocommerce-html":10,"schema-product":6,"magento":2,"woocommerce":7,"magento-html":3,"bigcommerce-html":1}
[prefilter] worker=5 checked=9400/12494 passed=42 failed=9358 by_platform={"shopify-html":13,"woocommerce-html":10,"schema-product":6,"magento":2,"woocommerce":7,"magento-html":3,"bigcommerce-html":1}
[prefilter] worker=26 checked=9450/12494 passed=42 failed=9408 by_platform={"shopify-html":13,"woocommerce-html":10,"schema-product":6,"magento":2,"woocommerce":7,"magento-html":3,"bigcommerce-html":1}
[prefilter] worker=12 checked=9500/12494 passed=42 failed=9458 by_platform={"shopify-html":13,"woocommerce-html":10,"schema-product":6,"magento":2,"woocommerce":7,"magento-html":3,"bigcommerce-html":1}
[prefilter] worker=94 checked=9550/12494 passed=42 failed=9508 by_platform={"shopify-html":13,"woocommerce-html":10,"schema-product":6,"magento":2,"woocommerce":7,"magento-html":3,"bigcommerce-html":1}
[prefilter] worker=5 checked=9600/12494 passed=42 failed=9558 by_platform={"shopify-html":13,"woocommerce-html":10,"schema-product":6,"magento":2,"woocommerce":7,"magento-html":3,"bigcommerce-html":1}
[prefilter] worker=26 checked=9650/12494 passed=42 failed=9608 by_platform={"shopify-html":13,"woocommerce-html":10,"schema-product":6,"magento":2,"woocommerce":7,"magento-html":3,"bigcommerce-html":1}
[prefilter] worker=12 checked=9700/12494 passed=42 failed=9658 by_platform={"shopify-html":13,"woocommerce-html":10,"schema-product":6,"magento":2,"woocommerce":7,"magento-html":3,"bigcommerce-html":1}
[prefilter] worker=94 checked=9750/12494 passed=42 failed=9708 by_platform={"shopify-html":13,"woocommerce-html":10,"schema-product":6,"magento":2,"woocommerce":7,"magento-html":3,"bigcommerce-html":1}
[prefilter] worker=5 checked=9800/12494 passed=42 failed=9758 by_platform={"shopify-html":13,"woocommerce-html":10,"schema-product":6,"magento":2,"woocommerce":7,"magento-html":3,"bigcommerce-html":1}
[prefilter] worker=26 checked=9850/12494 passed=42 failed=9808 by_platform={"shopify-html":13,"woocommerce-html":10,"schema-product":6,"magento":2,"woocommerce":7,"magento-html":3,"bigcommerce-html":1}
[prefilter] worker=12 checked=9900/12494 passed=42 failed=9858 by_platform={"shopify-html":13,"woocommerce-html":10,"schema-product":6,"magento":2,"woocommerce":7,"magento-html":3,"bigcommerce-html":1}
[prefilter] worker=94 checked=9950/12494 passed=42 failed=9908 by_platform={"shopify-html":13,"woocommerce-html":10,"schema-product":6,"magento":2,"woocommerce":7,"magento-html":3,"bigcommerce-html":1}
[prefilter] worker=5 checked=10000/12494 passed=42 failed=9958 by_platform={"shopify-html":13,"woocommerce-html":10,"schema-product":6,"magento":2,"woocommerce":7,"magento-html":3,"bigcommerce-html":1}
[prefilter] worker=26 checked=10050/12494 passed=42 failed=10008 by_platform={"shopify-html":13,"woocommerce-html":10,"schema-product":6,"magento":2,"woocommerce":7,"magento-html":3,"bigcommerce-html":1}
[prefilter] worker=12 checked=10100/12494 passed=42 failed=10058 by_platform={"shopify-html":13,"woocommerce-html":10,"schema-product":6,"magento":2,"woocommerce":7,"magento-html":3,"bigcommerce-html":1}
[prefilter] worker=94 checked=10150/12494 passed=42 failed=10108 by_platform={"shopify-html":13,"woocommerce-html":10,"schema-product":6,"magento":2,"woocommerce":7,"magento-html":3,"bigcommerce-html":1}
[prefilter] worker=5 checked=10200/12494 passed=42 failed=10158 by_platform={"shopify-html":13,"woocommerce-html":10,"schema-product":6,"magento":2,"woocommerce":7,"magento-html":3,"bigcommerce-html":1}
[prefilter] worker=26 checked=10250/12494 passed=42 failed=10208 by_platform={"shopify-html":13,"woocommerce-html":10,"schema-product":6,"magento":2,"woocommerce":7,"magento-html":3,"bigcommerce-html":1}
[prefilter] worker=12 checked=10300/12494 passed=42 failed=10258 by_platform={"shopify-html":13,"woocommerce-html":10,"schema-product":6,"magento":2,"woocommerce":7,"magento-html":3,"bigcommerce-html":1}
[prefilter] worker=94 checked=10350/12494 passed=42 failed=10308 by_platform={"shopify-html":13,"woocommerce-html":10,"schema-product":6,"magento":2,"woocommerce":7,"magento-html":3,"bigcommerce-html":1}
[prefilter] worker=5 checked=10400/12494 passed=42 failed=10358 by_platform={"shopify-html":13,"woocommerce-html":10,"schema-product":6,"magento":2,"woocommerce":7,"magento-html":3,"bigcommerce-html":1}
[prefilter] worker=26 checked=10450/12494 passed=42 failed=10408 by_platform={"shopify-html":13,"woocommerce-html":10,"schema-product":6,"magento":2,"woocommerce":7,"magento-html":3,"bigcommerce-html":1}
[prefilter] worker=12 checked=10500/12494 passed=42 failed=10458 by_platform={"shopify-html":13,"woocommerce-html":10,"schema-product":6,"magento":2,"woocommerce":7,"magento-html":3,"bigcommerce-html":1}
[prefilter] worker=94 checked=10550/12494 passed=42 failed=10508 by_platform={"shopify-html":13,"woocommerce-html":10,"schema-product":6,"magento":2,"woocommerce":7,"magento-html":3,"bigcommerce-html":1}
[prefilter] worker=5 checked=10600/12494 passed=42 failed=10558 by_platform={"shopify-html":13,"woocommerce-html":10,"schema-product":6,"magento":2,"woocommerce":7,"magento-html":3,"bigcommerce-html":1}
[prefilter] worker=26 checked=10650/12494 passed=42 failed=10608 by_platform={"shopify-html":13,"woocommerce-html":10,"schema-product":6,"magento":2,"woocommerce":7,"magento-html":3,"bigcommerce-html":1}
[prefilter] worker=12 checked=10700/12494 passed=42 failed=10658 by_platform={"shopify-html":13,"woocommerce-html":10,"schema-product":6,"magento":2,"woocommerce":7,"magento-html":3,"bigcommerce-html":1}
[prefilter] worker=94 checked=10750/12494 passed=42 failed=10708 by_platform={"shopify-html":13,"woocommerce-html":10,"schema-product":6,"magento":2,"woocommerce":7,"magento-html":3,"bigcommerce-html":1}
[prefilter] worker=5 checked=10800/12494 passed=42 failed=10758 by_platform={"shopify-html":13,"woocommerce-html":10,"schema-product":6,"magento":2,"woocommerce":7,"magento-html":3,"bigcommerce-html":1}
[prefilter] worker=26 checked=10850/12494 passed=42 failed=10808 by_platform={"shopify-html":13,"woocommerce-html":10,"schema-product":6,"magento":2,"woocommerce":7,"magento-html":3,"bigcommerce-html":1}
[prefilter] worker=12 checked=10900/12494 passed=42 failed=10858 by_platform={"shopify-html":13,"woocommerce-html":10,"schema-product":6,"magento":2,"woocommerce":7,"magento-html":3,"bigcommerce-html":1}
[prefilter] worker=94 checked=10950/12494 passed=42 failed=10908 by_platform={"shopify-html":13,"woocommerce-html":10,"schema-product":6,"magento":2,"woocommerce":7,"magento-html":3,"bigcommerce-html":1}
[prefilter] worker=5 checked=11000/12494 passed=42 failed=10958 by_platform={"shopify-html":13,"woocommerce-html":10,"schema-product":6,"magento":2,"woocommerce":7,"magento-html":3,"bigcommerce-html":1}
[prefilter] worker=26 checked=11050/12494 passed=42 failed=11008 by_platform={"shopify-html":13,"woocommerce-html":10,"schema-product":6,"magento":2,"woocommerce":7,"magento-html":3,"bigcommerce-html":1}
[prefilter] worker=12 checked=11100/12494 passed=42 failed=11058 by_platform={"shopify-html":13,"woocommerce-html":10,"schema-product":6,"magento":2,"woocommerce":7,"magento-html":3,"bigcommerce-html":1}
[prefilter] worker=94 checked=11150/12494 passed=42 failed=11108 by_platform={"shopify-html":13,"woocommerce-html":10,"schema-product":6,"magento":2,"woocommerce":7,"magento-html":3,"bigcommerce-html":1}
[prefilter] worker=5 checked=11200/12494 passed=42 failed=11158 by_platform={"shopify-html":13,"woocommerce-html":10,"schema-product":6,"magento":2,"woocommerce":7,"magento-html":3,"bigcommerce-html":1}
[prefilter] worker=26 checked=11250/12494 passed=42 failed=11208 by_platform={"shopify-html":13,"woocommerce-html":10,"schema-product":6,"magento":2,"woocommerce":7,"magento-html":3,"bigcommerce-html":1}
