[prefilter] input=data/benchmark_2026-06-07/tranco_slice_0 domains=12465 concurrency=100
[prefilter] worker=25 checked=50/12465 passed=2 failed=48 by_platform={"shopify":1,"woocommerce":1}
[prefilter] worker=4 checked=100/12465 passed=9 failed=91 by_platform={"shopify":1,"woocommerce":3,"shopify-html":4,"schema-product":1}
[prefilter] worker=68 checked=150/12465 passed=13 failed=137 by_platform={"shopify":1,"woocommerce":3,"shopify-html":5,"schema-product":2,"woocommerce-html":2}
[prefilter] worker=6 checked=200/12465 passed=13 failed=187 by_platform={"shopify":1,"woocommerce":3,"shopify-html":5,"schema-product":2,"woocommerce-html":2}
[prefilter] worker=40 checked=250/12465 passed=21 failed=229 by_platform={"shopify":1,"woocommerce":4,"shopify-html":6,"schema-product":4,"woocommerce-html":4,"magento":2}
[prefilter] worker=51 checked=300/12465 passed=28 failed=272 by_platform={"shopify":1,"woocommerce":7,"shopify-html":9,"schema-product":4,"woocommerce-html":5,"magento":2}
[prefilter] worker=98 checked=350/12465 passed=30 failed=320 by_platform={"shopify":1,"woocommerce":8,"shopify-html":9,"schema-product":5,"woocommerce-html":5,"magento":2}
[prefilter] worker=79 checked=400/12465 passed=32 failed=368 by_platform={"shopify":1,"woocommerce":9,"shopify-html":9,"schema-product":5,"woocommerce-html":6,"magento":2}
[prefilter] worker=24 checked=450/12465 passed=36 failed=414 by_platform={"shopify":1,"woocommerce":11,"shopify-html":10,"schema-product":6,"woocommerce-html":6,"magento":2}
[prefilter] worker=79 checked=500/12465 passed=38 failed=462 by_platform={"shopify":1,"woocommerce":12,"shopify-html":10,"schema-product":7,"woocommerce-html":6,"magento":2}
[prefilter] worker=42 checked=550/12465 passed=38 failed=512 by_platform={"shopify":1,"woocommerce":12,"shopify-html":10,"schema-product":7,"woocommerce-html":6,"magento":2}
[prefilter] worker=85 checked=600/12465 passed=39 failed=561 by_platform={"shopify":1,"woocommerce":12,"shopify-html":11,"schema-product":7,"woocommerce-html":6,"magento":2}
[prefilter] worker=52 checked=650/12465 passed=39 failed=611 by_platform={"shopify":1,"woocommerce":12,"shopify-html":11,"schema-product":7,"woocommerce-html":6,"magento":2}
[prefilter] worker=99 checked=700/12465 passed=39 failed=661 by_platform={"shopify":1,"woocommerce":12,"shopify-html":11,"schema-product":7,"woocommerce-html":6,"magento":2}
[prefilter] worker=20 checked=750/12465 passed=39 failed=711 by_platform={"shopify":1,"woocommerce":12,"shopify-html":11,"schema-product":7,"woocommerce-html":6,"magento":2}
[prefilter] worker=22 checked=800/12465 passed=40 failed=760 by_platform={"shopify":1,"woocommerce":12,"shopify-html":12,"schema-product":7,"woocommerce-html":6,"magento":2}
[prefilter] worker=45 checked=850/12465 passed=46 failed=804 by_platform={"shopify":2,"woocommerce":14,"shopify-html":14,"schema-product":7,"woocommerce-html":6,"magento":3}
[prefilter] worker=4 checked=900/12465 passed=48 failed=852 by_platform={"shopify":3,"woocommerce":14,"shopify-html":15,"schema-product":7,"woocommerce-html":6,"magento":3}
[prefilter] worker=47 checked=950/12465 passed=49 failed=901 by_platform={"shopify":3,"woocommerce":15,"shopify-html":15,"schema-product":7,"woocommerce-html":6,"magento":3}
[prefilter] worker=40 checked=1000/12465 passed=52 failed=948 by_platform={"shopify":3,"woocommerce":15,"shopify-html":16,"schema-product":9,"woocommerce-html":6,"magento":3}
[prefilter] worker=50 checked=1050/12465 passed=55 failed=995 by_platform={"shopify":3,"woocommerce":15,"shopify-html":17,"schema-product":10,"woocommerce-html":7,"magento":3}
[prefilter] worker=0 checked=1100/12465 passed=57 failed=1043 by_platform={"shopify":3,"woocommerce":15,"shopify-html":18,"schema-product":10,"woocommerce-html":7,"magento":3,"magento-html":1}
[prefilter] worker=54 checked=1150/12465 passed=58 failed=1092 by_platform={"shopify":3,"woocommerce":15,"shopify-html":19,"schema-product":10,"woocommerce-html":7,"magento":3,"magento-html":1}
[prefilter] worker=50 checked=1200/12465 passed=58 failed=1142 by_platform={"shopify":3,"woocommerce":15,"shopify-html":19,"schema-product":10,"woocommerce-html":7,"magento":3,"magento-html":1}
[prefilter] worker=85 checked=1250/12465 passed=61 failed=1189 by_platform={"shopify":3,"woocommerce":15,"shopify-html":20,"schema-product":11,"woocommerce-html":8,"magento":3,"magento-html":1}
[prefilter] worker=42 checked=1300/12465 passed=67 failed=1233 by_platform={"shopify":3,"woocommerce":17,"shopify-html":21,"schema-product":14,"woocommerce-html":8,"magento":3,"magento-html":1}
[prefilter] worker=71 checked=1350/12465 passed=67 failed=1283 by_platform={"shopify":3,"woocommerce":17,"shopify-html":21,"schema-product":14,"woocommerce-html":8,"magento":3,"magento-html":1}
[prefilter] worker=91 checked=1400/12465 passed=67 failed=1333 by_platform={"shopify":3,"woocommerce":17,"shopify-html":21,"schema-product":14,"woocommerce-html":8,"magento":3,"magento-html":1}
[prefilter] worker=24 checked=1450/12465 passed=67 failed=1383 by_platform={"shopify":3,"woocommerce":17,"shopify-html":21,"schema-product":14,"woocommerce-html":8,"magento":3,"magento-html":1}
[prefilter] worker=65 checked=1500/12465 passed=67 failed=1433 by_platform={"shopify":3,"woocommerce":17,"shopify-html":21,"schema-product":14,"woocommerce-html":8,"magento":3,"magento-html":1}
[prefilter] worker=74 checked=1550/12465 passed=69 failed=1481 by_platform={"shopify":3,"woocommerce":17,"shopify-html":23,"schema-product":14,"woocommerce-html":8,"magento":3,"magento-html":1}
[prefilter] worker=15 checked=1600/12465 passed=69 failed=1531 by_platform={"shopify":3,"woocommerce":17,"shopify-html":23,"schema-product":14,"woocommerce-html":8,"magento":3,"magento-html":1}
[prefilter] worker=74 checked=1650/12465 passed=69 failed=1581 by_platform={"shopify":3,"woocommerce":17,"shopify-html":23,"schema-product":14,"woocommerce-html":8,"magento":3,"magento-html":1}
[prefilter] worker=15 checked=1700/12465 passed=69 failed=1631 by_platform={"shopify":3,"woocommerce":17,"shopify-html":23,"schema-product":14,"woocommerce-html":8,"magento":3,"magento-html":1}
[prefilter] worker=74 checked=1750/12465 passed=69 failed=1681 by_platform={"shopify":3,"woocommerce":17,"shopify-html":23,"schema-product":14,"woocommerce-html":8,"magento":3,"magento-html":1}
[prefilter] worker=15 checked=1800/12465 passed=69 failed=1731 by_platform={"shopify":3,"woocommerce":17,"shopify-html":23,"schema-product":14,"woocommerce-html":8,"magento":3,"magento-html":1}
[prefilter] worker=74 checked=1850/12465 passed=69 failed=1781 by_platform={"shopify":3,"woocommerce":17,"shopify-html":23,"schema-product":14,"woocommerce-html":8,"magento":3,"magento-html":1}
[prefilter] worker=15 checked=1900/12465 passed=69 failed=1831 by_platform={"shopify":3,"woocommerce":17,"shopify-html":23,"schema-product":14,"woocommerce-html":8,"magento":3,"magento-html":1}
[prefilter] worker=74 checked=1950/12465 passed=69 failed=1881 by_platform={"shopify":3,"woocommerce":17,"shopify-html":23,"schema-product":14,"woocommerce-html":8,"magento":3,"magento-html":1}
[prefilter] worker=15 checked=2000/12465 passed=69 failed=1931 by_platform={"shopify":3,"woocommerce":17,"shopify-html":23,"schema-product":14,"woocommerce-html":8,"magento":3,"magento-html":1}
[prefilter] worker=74 checked=2050/12465 passed=69 failed=1981 by_platform={"shopify":3,"woocommerce":17,"shopify-html":23,"schema-product":14,"woocommerce-html":8,"magento":3,"magento-html":1}
[prefilter] worker=15 checked=2100/12465 passed=69 failed=2031 by_platform={"shopify":3,"woocommerce":17,"shopify-html":23,"schema-product":14,"woocommerce-html":8,"magento":3,"magento-html":1}
[prefilter] worker=74 checked=2150/12465 passed=69 failed=2081 by_platform={"shopify":3,"woocommerce":17,"shopify-html":23,"schema-product":14,"woocommerce-html":8,"magento":3,"magento-html":1}
[prefilter] worker=15 checked=2200/12465 passed=69 failed=2131 by_platform={"shopify":3,"woocommerce":17,"shopify-html":23,"schema-product":14,"woocommerce-html":8,"magento":3,"magento-html":1}
[prefilter] worker=74 checked=2250/12465 passed=69 failed=2181 by_platform={"shopify":3,"woocommerce":17,"shopify-html":23,"schema-product":14,"woocommerce-html":8,"magento":3,"magento-html":1}
[prefilter] worker=15 checked=2300/12465 passed=69 failed=2231 by_platform={"shopify":3,"woocommerce":17,"shopify-html":23,"schema-product":14,"woocommerce-html":8,"magento":3,"magento-html":1}
[prefilter] worker=74 checked=2350/12465 passed=69 failed=2281 by_platform={"shopify":3,"woocommerce":17,"shopify-html":23,"schema-product":14,"woocommerce-html":8,"magento":3,"magento-html":1}
[prefilter] worker=15 checked=2400/12465 passed=69 failed=2331 by_platform={"shopify":3,"woocommerce":17,"shopify-html":23,"schema-product":14,"woocommerce-html":8,"magento":3,"magento-html":1}
[prefilter] worker=74 checked=2450/12465 passed=69 failed=2381 by_platform={"shopify":3,"woocommerce":17,"shopify-html":23,"schema-product":14,"woocommerce-html":8,"magento":3,"magento-html":1}
[prefilter] worker=71 checked=2500/12465 passed=70 failed=2430 by_platform={"shopify":3,"woocommerce":17,"shopify-html":23,"schema-product":14,"woocommerce-html":9,"magento":3,"magento-html":1}
[prefilter] worker=62 checked=2550/12465 passed=72 failed=2478 by_platform={"shopify":3,"woocommerce":17,"shopify-html":24,"schema-product":15,"woocommerce-html":9,"magento":3,"magento-html":1}
[prefilter] worker=42 checked=2600/12465 passed=78 failed=2522 by_platform={"shopify":3,"woocommerce":20,"shopify-html":25,"schema-product":16,"woocommerce-html":10,"magento":3,"magento-html":1}
[prefilter] worker=84 checked=2650/12465 passed=82 failed=2568 by_platform={"shopify":3,"woocommerce":20,"shopify-html":26,"schema-product":17,"woocommerce-html":12,"magento":3,"magento-html":1}
[prefilter] worker=10 checked=2700/12465 passed=85 failed=2615 by_platform={"shopify":3,"woocommerce":21,"shopify-html":26,"schema-product":18,"woocommerce-html":13,"magento":3,"magento-html":1}
[prefilter] worker=27 checked=2750/12465 passed=89 failed=2661 by_platform={"shopify":3,"woocommerce":22,"shopify-html":28,"schema-product":19,"woocommerce-html":13,"magento":3,"magento-html":1}
[prefilter] worker=57 checked=2800/12465 passed=94 failed=2706 by_platform={"shopify":3,"woocommerce":24,"shopify-html":30,"schema-product":20,"woocommerce-html":13,"magento":3,"magento-html":1}
[prefilter] worker=94 checked=2850/12465 passed=98 failed=2752 by_platform={"shopify":3,"woocommerce":26,"shopify-html":31,"schema-product":20,"woocommerce-html":14,"magento":3,"magento-html":1}
[prefilter] worker=0 checked=2900/12465 passed=103 failed=2797 by_platform={"shopify":3,"woocommerce":28,"shopify-html":31,"schema-product":21,"woocommerce-html":16,"magento":3,"magento-html":1}
[prefilter] worker=41 checked=2950/12465 passed=108 failed=2842 by_platform={"shopify":3,"woocommerce":30,"shopify-html":31,"schema-product":23,"woocommerce-html":16,"magento":3,"magento-html":2}
[prefilter] worker=2 checked=3000/12465 passed=112 failed=2888 by_platform={"shopify":3,"woocommerce":32,"shopify-html":32,"schema-product":23,"woocommerce-html":16,"magento":3,"magento-html":3}
[prefilter] worker=30 checked=3050/12465 passed=117 failed=2933 by_platform={"shopify":3,"woocommerce":33,"shopify-html":34,"schema-product":23,"woocommerce-html":17,"magento":4,"magento-html":3}
[prefilter] worker=31 checked=3100/12465 passed=120 failed=2980 by_platform={"shopify":3,"woocommerce":34,"shopify-html":35,"schema-product":24,"woocommerce-html":17,"magento":4,"magento-html":3}
[prefilter] worker=26 checked=3150/12465 passed=120 failed=3030 by_platform={"shopify":3,"woocommerce":34,"shopify-html":35,"schema-product":24,"woocommerce-html":17,"magento":4,"magento-html":3}
[prefilter] worker=90 checked=3200/12465 passed=120 failed=3080 by_platform={"shopify":3,"woocommerce":34,"shopify-html":35,"schema-product":24,"woocommerce-html":17,"magento":4,"magento-html":3}
[prefilter] worker=44 checked=3250/12465 passed=122 failed=3128 by_platform={"shopify":3,"woocommerce":34,"shopify-html":37,"schema-product":24,"woocommerce-html":17,"magento":4,"magento-html":3}
[prefilter] worker=35 checked=3300/12465 passed=123 failed=3177 by_platform={"shopify":3,"woocommerce":34,"shopify-html":37,"schema-product":24,"woocommerce-html":18,"magento":4,"magento-html":3}
[prefilter] worker=60 checked=3350/12465 passed=127 failed=3223 by_platform={"shopify":3,"woocommerce":34,"shopify-html":38,"schema-product":25,"woocommerce-html":18,"magento":5,"magento-html":3,"bigcommerce-html":1}
[prefilter] worker=35 checked=3400/12465 passed=132 failed=3268 by_platform={"shopify":3,"woocommerce":37,"shopify-html":40,"schema-product":25,"woocommerce-html":18,"magento":5,"magento-html":3,"bigcommerce-html":1}
[prefilter] worker=4 checked=3450/12465 passed=136 failed=3314 by_platform={"shopify":3,"woocommerce":37,"shopify-html":42,"schema-product":26,"woocommerce-html":18,"magento":5,"magento-html":4,"bigcommerce-html":1}
[prefilter] worker=97 checked=3500/12465 passed=140 failed=3360 by_platform={"shopify":3,"woocommerce":37,"shopify-html":44,"schema-product":28,"woocommerce-html":18,"magento":5,"magento-html":4,"bigcommerce-html":1}
[prefilter] worker=32 checked=3550/12465 passed=143 failed=3407 by_platform={"shopify":3,"woocommerce":38,"shopify-html":44,"schema-product":28,"woocommerce-html":19,"magento":5,"magento-html":5,"bigcommerce-html":1}
[prefilter] worker=87 checked=3600/12465 passed=149 failed=3451 by_platform={"shopify":3,"woocommerce":40,"shopify-html":45,"schema-product":29,"woocommerce-html":20,"magento":6,"magento-html":5,"bigcommerce-html":1}
[prefilter] worker=56 checked=3650/12465 passed=154 failed=3496 by_platform={"shopify":3,"woocommerce":42,"shopify-html":45,"schema-product":30,"woocommerce-html":22,"magento":6,"magento-html":5,"bigcommerce-html":1}
[prefilter] worker=74 checked=3700/12465 passed=157 failed=3543 by_platform={"shopify":3,"woocommerce":43,"shopify-html":46,"schema-product":30,"woocommerce-html":22,"magento":6,"magento-html":6,"bigcommerce-html":1}
[prefilter] worker=16 checked=3750/12465 passed=159 failed=3591 by_platform={"shopify":3,"woocommerce":44,"shopify-html":46,"schema-product":30,"woocommerce-html":23,"magento":6,"magento-html":6,"bigcommerce-html":1}
[prefilter] worker=6 checked=3800/12465 passed=161 failed=3639 by_platform={"shopify":3,"woocommerce":46,"shopify-html":46,"schema-product":30,"woocommerce-html":23,"magento":6,"magento-html":6,"bigcommerce-html":1}
[prefilter] worker=23 checked=3850/12465 passed=162 failed=3688 by_platform={"shopify":3,"woocommerce":46,"shopify-html":47,"schema-product":30,"woocommerce-html":23,"magento":6,"magento-html":6,"bigcommerce-html":1}
[prefilter] worker=15 checked=3900/12465 passed=163 failed=3737 by_platform={"shopify":3,"woocommerce":46,"shopify-html":48,"schema-product":30,"woocommerce-html":23,"magento":6,"magento-html":6,"bigcommerce-html":1}
[prefilter] worker=2 checked=3950/12465 passed=165 failed=3785 by_platform={"shopify":3,"woocommerce":47,"shopify-html":48,"schema-product":31,"woocommerce-html":23,"magento":6,"magento-html":6,"bigcommerce-html":1}
[prefilter] worker=99 checked=4000/12465 passed=167 failed=3833 by_platform={"shopify":3,"woocommerce":47,"shopify-html":50,"schema-product":31,"woocommerce-html":23,"magento":6,"magento-html":6,"bigcommerce-html":1}
[prefilter] worker=41 checked=4050/12465 passed=169 failed=3881 by_platform={"shopify":3,"woocommerce":47,"shopify-html":51,"schema-product":31,"woocommerce-html":23,"magento":6,"magento-html":7,"bigcommerce-html":1}
[prefilter] worker=46 checked=4100/12465 passed=171 failed=3929 by_platform={"shopify":3,"woocommerce":47,"shopify-html":52,"schema-product":32,"woocommerce-html":23,"magento":6,"magento-html":7,"bigcommerce-html":1}
[prefilter] worker=85 checked=4150/12465 passed=171 failed=3979 by_platform={"shopify":3,"woocommerce":47,"shopify-html":52,"schema-product":32,"woocommerce-html":23,"magento":6,"magento-html":7,"bigcommerce-html":1}
[prefilter] worker=44 checked=4200/12465 passed=174 failed=4026 by_platform={"shopify":3,"woocommerce":47,"shopify-html":54,"schema-product":32,"woocommerce-html":23,"magento":7,"magento-html":7,"bigcommerce-html":1}
[prefilter] worker=11 checked=4250/12465 passed=177 failed=4073 by_platform={"shopify":3,"woocommerce":47,"shopify-html":56,"schema-product":32,"woocommerce-html":24,"magento":7,"magento-html":7,"bigcommerce-html":1}
[prefilter] worker=37 checked=4300/12465 passed=177 failed=4123 by_platform={"shopify":3,"woocommerce":47,"shopify-html":56,"schema-product":32,"woocommerce-html":24,"magento":7,"magento-html":7,"bigcommerce-html":1}
[prefilter] worker=11 checked=4350/12465 passed=177 failed=4173 by_platform={"shopify":3,"woocommerce":47,"shopify-html":56,"schema-product":32,"woocommerce-html":24,"magento":7,"magento-html":7,"bigcommerce-html":1}
[prefilter] worker=16 checked=4400/12465 passed=177 failed=4223 by_platform={"shopify":3,"woocommerce":47,"shopify-html":56,"schema-product":32,"woocommerce-html":24,"magento":7,"magento-html":7,"bigcommerce-html":1}
[prefilter] worker=91 checked=4450/12465 passed=178 failed=4272 by_platform={"shopify":3,"woocommerce":47,"shopify-html":56,"schema-product":32,"woocommerce-html":25,"magento":7,"magento-html":7,"bigcommerce-html":1}
[prefilter] worker=95 checked=4500/12465 passed=179 failed=4321 by_platform={"shopify":3,"woocommerce":47,"shopify-html":56,"schema-product":33,"woocommerce-html":25,"magento":7,"magento-html":7,"bigcommerce-html":1}
[prefilter] worker=98 checked=4550/12465 passed=183 failed=4367 by_platform={"shopify":3,"woocommerce":49,"shopify-html":58,"schema-product":33,"woocommerce-html":25,"magento":7,"magento-html":7,"bigcommerce-html":1}
[prefilter] worker=82 checked=4600/12465 passed=188 failed=4412 by_platform={"shopify":3,"woocommerce":52,"shopify-html":59,"schema-product":34,"woocommerce-html":25,"magento":7,"magento-html":7,"bigcommerce-html":1}
[prefilter] worker=43 checked=4650/12465 passed=188 failed=4462 by_platform={"shopify":3,"woocommerce":52,"shopify-html":59,"schema-product":34,"woocommerce-html":25,"magento":7,"magento-html":7,"bigcommerce-html":1}
[prefilter] worker=82 checked=4700/12465 passed=188 failed=4512 by_platform={"shopify":3,"woocommerce":52,"shopify-html":59,"schema-product":34,"woocommerce-html":25,"magento":7,"magento-html":7,"bigcommerce-html":1}
[prefilter] worker=90 checked=4750/12465 passed=188 failed=4562 by_platform={"shopify":3,"woocommerce":52,"shopify-html":59,"schema-product":34,"woocommerce-html":25,"magento":7,"magento-html":7,"bigcommerce-html":1}
[prefilter] worker=82 checked=4800/12465 passed=188 failed=4612 by_platform={"shopify":3,"woocommerce":52,"shopify-html":59,"schema-product":34,"woocommerce-html":25,"magento":7,"magento-html":7,"bigcommerce-html":1}
[prefilter] worker=33 checked=4850/12465 passed=189 failed=4661 by_platform={"shopify":3,"woocommerce":52,"shopify-html":59,"schema-product":35,"woocommerce-html":25,"magento":7,"magento-html":7,"bigcommerce-html":1}
[prefilter] worker=13 checked=4900/12465 passed=189 failed=4711 by_platform={"shopify":3,"woocommerce":52,"shopify-html":59,"schema-product":35,"woocommerce-html":25,"magento":7,"magento-html":7,"bigcommerce-html":1}
[prefilter] worker=33 checked=4950/12465 passed=189 failed=4761 by_platform={"shopify":3,"woocommerce":52,"shopify-html":59,"schema-product":35,"woocommerce-html":25,"magento":7,"magento-html":7,"bigcommerce-html":1}
[prefilter] worker=57 checked=5000/12465 passed=190 failed=4810 by_platform={"shopify":3,"woocommerce":53,"shopify-html":59,"schema-product":35,"woocommerce-html":25,"magento":7,"magento-html":7,"bigcommerce-html":1}
[prefilter] worker=19 checked=5050/12465 passed=190 failed=4860 by_platform={"shopify":3,"woocommerce":53,"shopify-html":59,"schema-product":35,"woocommerce-html":25,"magento":7,"magento-html":7,"bigcommerce-html":1}
[prefilter] worker=57 checked=5100/12465 passed=190 failed=4910 by_platform={"shopify":3,"woocommerce":53,"shopify-html":59,"schema-product":35,"woocommerce-html":25,"magento":7,"magento-html":7,"bigcommerce-html":1}
[prefilter] worker=19 checked=5150/12465 passed=190 failed=4960 by_platform={"shopify":3,"woocommerce":53,"shopify-html":59,"schema-product":35,"woocommerce-html":25,"magento":7,"magento-html":7,"bigcommerce-html":1}
[prefilter] worker=57 checked=5200/12465 passed=190 failed=5010 by_platform={"shopify":3,"woocommerce":53,"shopify-html":59,"schema-product":35,"woocommerce-html":25,"magento":7,"magento-html":7,"bigcommerce-html":1}
[prefilter] worker=19 checked=5250/12465 passed=190 failed=5060 by_platform={"shopify":3,"woocommerce":53,"shopify-html":59,"schema-product":35,"woocommerce-html":25,"magento":7,"magento-html":7,"bigcommerce-html":1}
[prefilter] worker=57 checked=5300/12465 passed=190 failed=5110 by_platform={"shopify":3,"woocommerce":53,"shopify-html":59,"schema-product":35,"woocommerce-html":25,"magento":7,"magento-html":7,"bigcommerce-html":1}
[prefilter] worker=19 checked=5350/12465 passed=190 failed=5160 by_platform={"shopify":3,"woocommerce":53,"shopify-html":59,"schema-product":35,"woocommerce-html":25,"magento":7,"magento-html":7,"bigcommerce-html":1}
[prefilter] worker=57 checked=5400/12465 passed=190 failed=5210 by_platform={"shopify":3,"woocommerce":53,"shopify-html":59,"schema-product":35,"woocommerce-html":25,"magento":7,"magento-html":7,"bigcommerce-html":1}
[prefilter] worker=19 checked=5450/12465 passed=190 failed=5260 by_platform={"shopify":3,"woocommerce":53,"shopify-html":59,"schema-product":35,"woocommerce-html":25,"magento":7,"magento-html":7,"bigcommerce-html":1}
[prefilter] worker=57 checked=5500/12465 passed=190 failed=5310 by_platform={"shopify":3,"woocommerce":53,"shopify-html":59,"schema-product":35,"woocommerce-html":25,"magento":7,"magento-html":7,"bigcommerce-html":1}
[prefilter] worker=19 checked=5550/12465 passed=190 failed=5360 by_platform={"shopify":3,"woocommerce":53,"shopify-html":59,"schema-product":35,"woocommerce-html":25,"magento":7,"magento-html":7,"bigcommerce-html":1}
[prefilter] worker=57 checked=5600/12465 passed=190 failed=5410 by_platform={"shopify":3,"woocommerce":53,"shopify-html":59,"schema-product":35,"woocommerce-html":25,"magento":7,"magento-html":7,"bigcommerce-html":1}
[prefilter] worker=81 checked=5650/12465 passed=191 failed=5459 by_platform={"shopify":3,"woocommerce":53,"shopify-html":59,"schema-product":35,"woocommerce-html":26,"magento":7,"magento-html":7,"bigcommerce-html":1}
[prefilter] worker=50 checked=5700/12465 passed=191 failed=5509 by_platform={"shopify":3,"woocommerce":53,"shopify-html":59,"schema-product":35,"woocommerce-html":26,"magento":7,"magento-html":7,"bigcommerce-html":1}
[prefilter] worker=2 checked=5750/12465 passed=191 failed=5559 by_platform={"shopify":3,"woocommerce":53,"shopify-html":59,"schema-product":35,"woocommerce-html":26,"magento":7,"magento-html":7,"bigcommerce-html":1}
[prefilter] worker=22 checked=5800/12465 passed=194 failed=5606 by_platform={"shopify":3,"woocommerce":53,"shopify-html":59,"schema-product":37,"woocommerce-html":26,"magento":7,"magento-html":8,"bigcommerce-html":1}
[prefilter] worker=94 checked=5850/12465 passed=199 failed=5651 by_platform={"shopify":3,"woocommerce":54,"shopify-html":60,"schema-product":39,"woocommerce-html":27,"magento":7,"magento-html":8,"bigcommerce-html":1}
[prefilter] worker=61 checked=5900/12465 passed=199 failed=5701 by_platform={"shopify":3,"woocommerce":54,"shopify-html":60,"schema-product":39,"woocommerce-html":27,"magento":7,"magento-html":8,"bigcommerce-html":1}
[prefilter] worker=29 checked=5950/12465 passed=199 failed=5751 by_platform={"shopify":3,"woocommerce":54,"shopify-html":60,"schema-product":39,"woocommerce-html":27,"magento":7,"magento-html":8,"bigcommerce-html":1}
[prefilter] worker=92 checked=6000/12465 passed=201 failed=5799 by_platform={"shopify":3,"woocommerce":54,"shopify-html":61,"schema-product":40,"woocommerce-html":27,"magento":7,"magento-html":8,"bigcommerce-html":1}
[prefilter] worker=52 checked=6050/12465 passed=203 failed=5847 by_platform={"shopify":3,"woocommerce":54,"shopify-html":63,"schema-product":40,"woocommerce-html":27,"magento":7,"magento-html":8,"bigcommerce-html":1}
[prefilter] worker=13 checked=6100/12465 passed=203 failed=5897 by_platform={"shopify":3,"woocommerce":54,"shopify-html":63,"schema-product":40,"woocommerce-html":27,"magento":7,"magento-html":8,"bigcommerce-html":1}
[prefilter] worker=42 checked=6150/12465 passed=205 failed=5945 by_platform={"shopify":3,"woocommerce":54,"shopify-html":63,"schema-product":41,"woocommerce-html":28,"magento":7,"magento-html":8,"bigcommerce-html":1}
[prefilter] worker=38 checked=6200/12465 passed=205 failed=5995 by_platform={"shopify":3,"woocommerce":54,"shopify-html":63,"schema-product":41,"woocommerce-html":28,"magento":7,"magento-html":8,"bigcommerce-html":1}
[prefilter] worker=42 checked=6250/12465 passed=205 failed=6045 by_platform={"shopify":3,"woocommerce":54,"shopify-html":63,"schema-product":41,"woocommerce-html":28,"magento":7,"magento-html":8,"bigcommerce-html":1}
[prefilter] worker=13 checked=6300/12465 passed=205 failed=6095 by_platform={"shopify":3,"woocommerce":54,"shopify-html":63,"schema-product":41,"woocommerce-html":28,"magento":7,"magento-html":8,"bigcommerce-html":1}
[prefilter] worker=66 checked=6350/12465 passed=205 failed=6145 by_platform={"shopify":3,"woocommerce":54,"shopify-html":63,"schema-product":41,"woocommerce-html":28,"magento":7,"magento-html":8,"bigcommerce-html":1}
[prefilter] worker=38 checked=6400/12465 passed=205 failed=6195 by_platform={"shopify":3,"woocommerce":54,"shopify-html":63,"schema-product":41,"woocommerce-html":28,"magento":7,"magento-html":8,"bigcommerce-html":1}
[prefilter] worker=21 checked=6450/12465 passed=211 failed=6239 by_platform={"shopify":4,"woocommerce":55,"shopify-html":64,"schema-product":41,"woocommerce-html":29,"magento":8,"magento-html":9,"bigcommerce-html":1}
[prefilter] worker=69 checked=6500/12465 passed=213 failed=6287 by_platform={"shopify":4,"woocommerce":55,"shopify-html":65,"schema-product":41,"woocommerce-html":30,"magento":8,"magento-html":9,"bigcommerce-html":1}
[prefilter] worker=17 checked=6550/12465 passed=215 failed=6335 by_platform={"shopify":4,"woocommerce":55,"shopify-html":66,"schema-product":41,"woocommerce-html":31,"magento":8,"magento-html":9,"bigcommerce-html":1}
[prefilter] worker=57 checked=6600/12465 passed=219 failed=6381 by_platform={"shopify":4,"woocommerce":55,"shopify-html":68,"schema-product":41,"woocommerce-html":32,"magento":8,"magento-html":9,"bigcommerce-html":2}
[prefilter] worker=69 checked=6650/12465 passed=222 failed=6428 by_platform={"shopify":4,"woocommerce":56,"shopify-html":68,"schema-product":41,"woocommerce-html":34,"magento":8,"magento-html":9,"bigcommerce-html":2}
[prefilter] worker=64 checked=6700/12465 passed=223 failed=6477 by_platform={"shopify":4,"woocommerce":56,"shopify-html":69,"schema-product":41,"woocommerce-html":34,"magento":8,"magento-html":9,"bigcommerce-html":2}
[prefilter] worker=0 checked=6750/12465 passed=223 failed=6527 by_platform={"shopify":4,"woocommerce":56,"shopify-html":69,"schema-product":41,"woocommerce-html":34,"magento":8,"magento-html":9,"bigcommerce-html":2}
[prefilter] worker=70 checked=6800/12465 passed=226 failed=6574 by_platform={"shopify":4,"woocommerce":56,"shopify-html":69,"schema-product":43,"woocommerce-html":34,"magento":9,"magento-html":9,"bigcommerce-html":2}
[prefilter] worker=5 checked=6850/12465 passed=227 failed=6623 by_platform={"shopify":4,"woocommerce":56,"shopify-html":69,"schema-product":43,"woocommerce-html":35,"magento":9,"magento-html":9,"bigcommerce-html":2}
[prefilter] worker=33 checked=6900/12465 passed=231 failed=6669 by_platform={"shopify":4,"woocommerce":56,"shopify-html":71,"schema-product":44,"woocommerce-html":35,"magento":9,"magento-html":10,"bigcommerce-html":2}
[prefilter] worker=26 checked=6950/12465 passed=233 failed=6717 by_platform={"shopify":4,"woocommerce":56,"shopify-html":71,"schema-product":44,"woocommerce-html":37,"magento":9,"magento-html":10,"bigcommerce-html":2}
[prefilter] worker=81 checked=7000/12465 passed=237 failed=6763 by_platform={"shopify":4,"woocommerce":57,"shopify-html":74,"schema-product":44,"woocommerce-html":37,"magento":9,"magento-html":10,"bigcommerce-html":2}
[prefilter] worker=61 checked=7050/12465 passed=238 failed=6812 by_platform={"shopify":4,"woocommerce":58,"shopify-html":74,"schema-product":44,"woocommerce-html":37,"magento":9,"magento-html":10,"bigcommerce-html":2}
[prefilter] worker=36 checked=7100/12465 passed=240 failed=6860 by_platform={"shopify":4,"woocommerce":58,"shopify-html":74,"schema-product":45,"woocommerce-html":37,"magento":9,"magento-html":11,"bigcommerce-html":2}
[prefilter] worker=91 checked=7150/12465 passed=242 failed=6908 by_platform={"shopify":4,"woocommerce":58,"shopify-html":76,"schema-product":45,"woocommerce-html":37,"magento":9,"magento-html":11,"bigcommerce-html":2}
[prefilter] worker=43 checked=7200/12465 passed=244 failed=6956 by_platform={"shopify":4,"woocommerce":59,"shopify-html":77,"schema-product":45,"woocommerce-html":37,"magento":9,"magento-html":11,"bigcommerce-html":2}
[prefilter] worker=23 checked=7250/12465 passed=246 failed=7004 by_platform={"shopify":4,"woocommerce":59,"shopify-html":77,"schema-product":46,"woocommerce-html":38,"magento":9,"magento-html":11,"bigcommerce-html":2}
[prefilter] worker=9 checked=7300/12465 passed=246 failed=7054 by_platform={"shopify":4,"woocommerce":59,"shopify-html":77,"schema-product":46,"woocommerce-html":38,"magento":9,"magento-html":11,"bigcommerce-html":2}
[prefilter] worker=96 checked=7350/12465 passed=247 failed=7103 by_platform={"shopify":4,"woocommerce":59,"shopify-html":77,"schema-product":46,"woocommerce-html":39,"magento":9,"magento-html":11,"bigcommerce-html":2}
[prefilter] worker=27 checked=7400/12465 passed=247 failed=7153 by_platform={"shopify":4,"woocommerce":59,"shopify-html":77,"schema-product":46,"woocommerce-html":39,"magento":9,"magento-html":11,"bigcommerce-html":2}
[prefilter] worker=96 checked=7450/12465 passed=247 failed=7203 by_platform={"shopify":4,"woocommerce":59,"shopify-html":77,"schema-product":46,"woocommerce-html":39,"magento":9,"magento-html":11,"bigcommerce-html":2}
[prefilter] worker=27 checked=7500/12465 passed=247 failed=7253 by_platform={"shopify":4,"woocommerce":59,"shopify-html":77,"schema-product":46,"woocommerce-html":39,"magento":9,"magento-html":11,"bigcommerce-html":2}
[prefilter] worker=96 checked=7550/12465 passed=247 failed=7303 by_platform={"shopify":4,"woocommerce":59,"shopify-html":77,"schema-product":46,"woocommerce-html":39,"magento":9,"magento-html":11,"bigcommerce-html":2}
[prefilter] worker=27 checked=7600/12465 passed=247 failed=7353 by_platform={"shopify":4,"woocommerce":59,"shopify-html":77,"schema-product":46,"woocommerce-html":39,"magento":9,"magento-html":11,"bigcommerce-html":2}
[prefilter] worker=96 checked=7650/12465 passed=247 failed=7403 by_platform={"shopify":4,"woocommerce":59,"shopify-html":77,"schema-product":46,"woocommerce-html":39,"magento":9,"magento-html":11,"bigcommerce-html":2}
[prefilter] worker=27 checked=7700/12465 passed=247 failed=7453 by_platform={"shopify":4,"woocommerce":59,"shopify-html":77,"schema-product":46,"woocommerce-html":39,"magento":9,"magento-html":11,"bigcommerce-html":2}
[prefilter] worker=96 checked=7750/12465 passed=247 failed=7503 by_platform={"shopify":4,"woocommerce":59,"shopify-html":77,"schema-product":46,"woocommerce-html":39,"magento":9,"magento-html":11,"bigcommerce-html":2}
[prefilter] worker=27 checked=7800/12465 passed=247 failed=7553 by_platform={"shopify":4,"woocommerce":59,"shopify-html":77,"schema-product":46,"woocommerce-html":39,"magento":9,"magento-html":11,"bigcommerce-html":2}
[prefilter] worker=96 checked=7850/12465 passed=247 failed=7603 by_platform={"shopify":4,"woocommerce":59,"shopify-html":77,"schema-product":46,"woocommerce-html":39,"magento":9,"magento-html":11,"bigcommerce-html":2}
[prefilter] worker=27 checked=7900/12465 passed=247 failed=7653 by_platform={"shopify":4,"woocommerce":59,"shopify-html":77,"schema-product":46,"woocommerce-html":39,"magento":9,"magento-html":11,"bigcommerce-html":2}
[prefilter] worker=96 checked=7950/12465 passed=247 failed=7703 by_platform={"shopify":4,"woocommerce":59,"shopify-html":77,"schema-product":46,"woocommerce-html":39,"magento":9,"magento-html":11,"bigcommerce-html":2}
[prefilter] worker=27 checked=8000/12465 passed=247 failed=7753 by_platform={"shopify":4,"woocommerce":59,"shopify-html":77,"schema-product":46,"woocommerce-html":39,"magento":9,"magento-html":11,"bigcommerce-html":2}
[prefilter] worker=96 checked=8050/12465 passed=247 failed=7803 by_platform={"shopify":4,"woocommerce":59,"shopify-html":77,"schema-product":46,"woocommerce-html":39,"magento":9,"magento-html":11,"bigcommerce-html":2}
[prefilter] worker=27 checked=8100/12465 passed=247 failed=7853 by_platform={"shopify":4,"woocommerce":59,"shopify-html":77,"schema-product":46,"woocommerce-html":39,"magento":9,"magento-html":11,"bigcommerce-html":2}
[prefilter] worker=96 checked=8150/12465 passed=247 failed=7903 by_platform={"shopify":4,"woocommerce":59,"shopify-html":77,"schema-product":46,"woocommerce-html":39,"magento":9,"magento-html":11,"bigcommerce-html":2}
[prefilter] worker=27 checked=8200/12465 passed=247 failed=7953 by_platform={"shopify":4,"woocommerce":59,"shopify-html":77,"schema-product":46,"woocommerce-html":39,"magento":9,"magento-html":11,"bigcommerce-html":2}
[prefilter] worker=96 checked=8250/12465 passed=247 failed=8003 by_platform={"shopify":4,"woocommerce":59,"shopify-html":77,"schema-product":46,"woocommerce-html":39,"magento":9,"magento-html":11,"bigcommerce-html":2}
[prefilter] worker=27 checked=8300/12465 passed=247 failed=8053 by_platform={"shopify":4,"woocommerce":59,"shopify-html":77,"schema-product":46,"woocommerce-html":39,"magento":9,"magento-html":11,"bigcommerce-html":2}
[prefilter] worker=96 checked=8350/12465 passed=247 failed=8103 by_platform={"shopify":4,"woocommerce":59,"shopify-html":77,"schema-product":46,"woocommerce-html":39,"magento":9,"magento-html":11,"bigcommerce-html":2}
[prefilter] worker=27 checked=8400/12465 passed=247 failed=8153 by_platform={"shopify":4,"woocommerce":59,"shopify-html":77,"schema-product":46,"woocommerce-html":39,"magento":9,"magento-html":11,"bigcommerce-html":2}
[prefilter] worker=96 checked=8450/12465 passed=247 failed=8203 by_platform={"shopify":4,"woocommerce":59,"shopify-html":77,"schema-product":46,"woocommerce-html":39,"magento":9,"magento-html":11,"bigcommerce-html":2}
[prefilter] worker=27 checked=8500/12465 passed=247 failed=8253 by_platform={"shopify":4,"woocommerce":59,"shopify-html":77,"schema-product":46,"woocommerce-html":39,"magento":9,"magento-html":11,"bigcommerce-html":2}
[prefilter] worker=96 checked=8550/12465 passed=247 failed=8303 by_platform={"shopify":4,"woocommerce":59,"shopify-html":77,"schema-product":46,"woocommerce-html":39,"magento":9,"magento-html":11,"bigcommerce-html":2}
[prefilter] worker=27 checked=8600/12465 passed=247 failed=8353 by_platform={"shopify":4,"woocommerce":59,"shopify-html":77,"schema-product":46,"woocommerce-html":39,"magento":9,"magento-html":11,"bigcommerce-html":2}
[prefilter] worker=96 checked=8650/12465 passed=247 failed=8403 by_platform={"shopify":4,"woocommerce":59,"shopify-html":77,"schema-product":46,"woocommerce-html":39,"magento":9,"magento-html":11,"bigcommerce-html":2}
[prefilter] worker=27 checked=8700/12465 passed=247 failed=8453 by_platform={"shopify":4,"woocommerce":59,"shopify-html":77,"schema-product":46,"woocommerce-html":39,"magento":9,"magento-html":11,"bigcommerce-html":2}
[prefilter] worker=96 checked=8750/12465 passed=247 failed=8503 by_platform={"shopify":4,"woocommerce":59,"shopify-html":77,"schema-product":46,"woocommerce-html":39,"magento":9,"magento-html":11,"bigcommerce-html":2}
[prefilter] worker=27 checked=8800/12465 passed=247 failed=8553 by_platform={"shopify":4,"woocommerce":59,"shopify-html":77,"schema-product":46,"woocommerce-html":39,"magento":9,"magento-html":11,"bigcommerce-html":2}
[prefilter] worker=96 checked=8850/12465 passed=247 failed=8603 by_platform={"shopify":4,"woocommerce":59,"shopify-html":77,"schema-product":46,"woocommerce-html":39,"magento":9,"magento-html":11,"bigcommerce-html":2}
[prefilter] worker=27 checked=8900/12465 passed=247 failed=8653 by_platform={"shopify":4,"woocommerce":59,"shopify-html":77,"schema-product":46,"woocommerce-html":39,"magento":9,"magento-html":11,"bigcommerce-html":2}
[prefilter] worker=96 checked=8950/12465 passed=247 failed=8703 by_platform={"shopify":4,"woocommerce":59,"shopify-html":77,"schema-product":46,"woocommerce-html":39,"magento":9,"magento-html":11,"bigcommerce-html":2}
[prefilter] worker=95 checked=9000/12465 passed=247 failed=8753 by_platform={"shopify":4,"woocommerce":59,"shopify-html":77,"schema-product":46,"woocommerce-html":39,"magento":9,"magento-html":11,"bigcommerce-html":2}
[prefilter] worker=96 checked=9050/12465 passed=249 failed=8801 by_platform={"shopify":4,"woocommerce":59,"shopify-html":79,"schema-product":46,"woocommerce-html":39,"magento":9,"magento-html":11,"bigcommerce-html":2}
[prefilter] worker=83 checked=9100/12465 passed=250 failed=8850 by_platform={"shopify":4,"woocommerce":59,"shopify-html":79,"schema-product":47,"woocommerce-html":39,"magento":9,"magento-html":11,"bigcommerce-html":2}
[prefilter] worker=9 checked=9150/12465 passed=252 failed=8898 by_platform={"shopify":4,"woocommerce":59,"shopify-html":79,"schema-product":48,"woocommerce-html":40,"magento":9,"magento-html":11,"bigcommerce-html":2}
[prefilter] worker=45 checked=9200/12465 passed=253 failed=8947 by_platform={"shopify":4,"woocommerce":59,"shopify-html":79,"schema-product":48,"woocommerce-html":40,"magento":10,"magento-html":11,"bigcommerce-html":2}
[prefilter] worker=48 checked=9250/12465 passed=254 failed=8996 by_platform={"shopify":4,"woocommerce":59,"shopify-html":79,"schema-product":48,"woocommerce-html":41,"magento":10,"magento-html":11,"bigcommerce-html":2}
[prefilter] worker=36 checked=9300/12465 passed=256 failed=9044 by_platform={"shopify":4,"woocommerce":60,"shopify-html":79,"schema-product":48,"woocommerce-html":42,"magento":10,"magento-html":11,"bigcommerce-html":2}
[prefilter] worker=4 checked=9350/12465 passed=260 failed=9090 by_platform={"shopify":5,"woocommerce":61,"shopify-html":79,"schema-product":48,"woocommerce-html":42,"magento":11,"magento-html":12,"bigcommerce-html":2}
[prefilter] worker=33 checked=9400/12465 passed=261 failed=9139 by_platform={"shopify":5,"woocommerce":61,"shopify-html":79,"schema-product":48,"woocommerce-html":42,"magento":11,"magento-html":13,"bigcommerce-html":2}
[prefilter] worker=37 checked=9450/12465 passed=261 failed=9189 by_platform={"shopify":5,"woocommerce":61,"shopify-html":79,"schema-product":48,"woocommerce-html":42,"magento":11,"magento-html":13,"bigcommerce-html":2}
[prefilter] worker=33 checked=9500/12465 passed=261 failed=9239 by_platform={"shopify":5,"woocommerce":61,"shopify-html":79,"schema-product":48,"woocommerce-html":42,"magento":11,"magento-html":13,"bigcommerce-html":2}
[prefilter] worker=22 checked=9550/12465 passed=261 failed=9289 by_platform={"shopify":5,"woocommerce":61,"shopify-html":79,"schema-product":48,"woocommerce-html":42,"magento":11,"magento-html":13,"bigcommerce-html":2}
[prefilter] worker=33 checked=9600/12465 passed=261 failed=9339 by_platform={"shopify":5,"woocommerce":61,"shopify-html":79,"schema-product":48,"woocommerce-html":42,"magento":11,"magento-html":13,"bigcommerce-html":2}
[prefilter] worker=67 checked=9650/12465 passed=263 failed=9387 by_platform={"shopify":6,"woocommerce":61,"shopify-html":79,"schema-product":48,"woocommerce-html":42,"magento":12,"magento-html":13,"bigcommerce-html":2}
[prefilter] worker=11 checked=9700/12465 passed=263 failed=9437 by_platform={"shopify":6,"woocommerce":61,"shopify-html":79,"schema-product":48,"woocommerce-html":42,"magento":12,"magento-html":13,"bigcommerce-html":2}
[prefilter] worker=19 checked=9750/12465 passed=271 failed=9479 by_platform={"shopify":6,"woocommerce":63,"shopify-html":82,"schema-product":48,"woocommerce-html":44,"magento":12,"magento-html":14,"bigcommerce-html":2}
[prefilter] worker=66 checked=9800/12465 passed=271 failed=9529 by_platform={"shopify":6,"woocommerce":63,"shopify-html":82,"schema-product":48,"woocommerce-html":44,"magento":12,"magento-html":14,"bigcommerce-html":2}
[prefilter] worker=19 checked=9850/12465 passed=271 failed=9579 by_platform={"shopify":6,"woocommerce":63,"shopify-html":82,"schema-product":48,"woocommerce-html":44,"magento":12,"magento-html":14,"bigcommerce-html":2}
[prefilter] worker=66 checked=9900/12465 passed=271 failed=9629 by_platform={"shopify":6,"woocommerce":63,"shopify-html":82,"schema-product":48,"woocommerce-html":44,"magento":12,"magento-html":14,"bigcommerce-html":2}
[prefilter] worker=19 checked=9950/12465 passed=271 failed=9679 by_platform={"shopify":6,"woocommerce":63,"shopify-html":82,"schema-product":48,"woocommerce-html":44,"magento":12,"magento-html":14,"bigcommerce-html":2}
[prefilter] worker=89 checked=10000/12465 passed=271 failed=9729 by_platform={"shopify":6,"woocommerce":63,"shopify-html":82,"schema-product":48,"woocommerce-html":44,"magento":12,"magento-html":14,"bigcommerce-html":2}
[prefilter] worker=33 checked=10050/12465 passed=271 failed=9779 by_platform={"shopify":6,"woocommerce":63,"shopify-html":82,"schema-product":48,"woocommerce-html":44,"magento":12,"magento-html":14,"bigcommerce-html":2}
[prefilter] worker=66 checked=10100/12465 passed=271 failed=9829 by_platform={"shopify":6,"woocommerce":63,"shopify-html":82,"schema-product":48,"woocommerce-html":44,"magento":12,"magento-html":14,"bigcommerce-html":2}
[prefilter] worker=19 checked=10150/12465 passed=271 failed=9879 by_platform={"shopify":6,"woocommerce":63,"shopify-html":82,"schema-product":48,"woocommerce-html":44,"magento":12,"magento-html":14,"bigcommerce-html":2}
[prefilter] worker=66 checked=10200/12465 passed=271 failed=9929 by_platform={"shopify":6,"woocommerce":63,"shopify-html":82,"schema-product":48,"woocommerce-html":44,"magento":12,"magento-html":14,"bigcommerce-html":2}
[prefilter] worker=33 checked=10250/12465 passed=271 failed=9979 by_platform={"shopify":6,"woocommerce":63,"shopify-html":82,"schema-product":48,"woocommerce-html":44,"magento":12,"magento-html":14,"bigcommerce-html":2}
[prefilter] worker=89 checked=10300/12465 passed=271 failed=10029 by_platform={"shopify":6,"woocommerce":63,"shopify-html":82,"schema-product":48,"woocommerce-html":44,"magento":12,"magento-html":14,"bigcommerce-html":2}
[prefilter] worker=33 checked=10350/12465 passed=271 failed=10079 by_platform={"shopify":6,"woocommerce":63,"shopify-html":82,"schema-product":48,"woocommerce-html":44,"magento":12,"magento-html":14,"bigcommerce-html":2}
[prefilter] worker=66 checked=10400/12465 passed=271 failed=10129 by_platform={"shopify":6,"woocommerce":63,"shopify-html":82,"schema-product":48,"woocommerce-html":44,"magento":12,"magento-html":14,"bigcommerce-html":2}
[prefilter] worker=33 checked=10450/12465 passed=271 failed=10179 by_platform={"shopify":6,"woocommerce":63,"shopify-html":82,"schema-product":48,"woocommerce-html":44,"magento":12,"magento-html":14,"bigcommerce-html":2}
[prefilter] worker=89 checked=10500/12465 passed=271 failed=10229 by_platform={"shopify":6,"woocommerce":63,"shopify-html":82,"schema-product":48,"woocommerce-html":44,"magento":12,"magento-html":14,"bigcommerce-html":2}
[prefilter] worker=33 checked=10550/12465 passed=271 failed=10279 by_platform={"shopify":6,"woocommerce":63,"shopify-html":82,"schema-product":48,"woocommerce-html":44,"magento":12,"magento-html":14,"bigcommerce-html":2}
[prefilter] worker=66 checked=10600/12465 passed=271 failed=10329 by_platform={"shopify":6,"woocommerce":63,"shopify-html":82,"schema-product":48,"woocommerce-html":44,"magento":12,"magento-html":14,"bigcommerce-html":2}
[prefilter] worker=33 checked=10650/12465 passed=271 failed=10379 by_platform={"shopify":6,"woocommerce":63,"shopify-html":82,"schema-product":48,"woocommerce-html":44,"magento":12,"magento-html":14,"bigcommerce-html":2}
[prefilter] worker=89 checked=10700/12465 passed=271 failed=10429 by_platform={"shopify":6,"woocommerce":63,"shopify-html":82,"schema-product":48,"woocommerce-html":44,"magento":12,"magento-html":14,"bigcommerce-html":2}
[prefilter] worker=33 checked=10750/12465 passed=271 failed=10479 by_platform={"shopify":6,"woocommerce":63,"shopify-html":82,"schema-product":48,"woocommerce-html":44,"magento":12,"magento-html":14,"bigcommerce-html":2}
[prefilter] worker=66 checked=10800/12465 passed=271 failed=10529 by_platform={"shopify":6,"woocommerce":63,"shopify-html":82,"schema-product":48,"woocommerce-html":44,"magento":12,"magento-html":14,"bigcommerce-html":2}
[prefilter] worker=33 checked=10850/12465 passed=271 failed=10579 by_platform={"shopify":6,"woocommerce":63,"shopify-html":82,"schema-product":48,"woocommerce-html":44,"magento":12,"magento-html":14,"bigcommerce-html":2}
[prefilter] worker=89 checked=10900/12465 passed=271 failed=10629 by_platform={"shopify":6,"woocommerce":63,"shopify-html":82,"schema-product":48,"woocommerce-html":44,"magento":12,"magento-html":14,"bigcommerce-html":2}
[prefilter] worker=33 checked=10950/12465 passed=271 failed=10679 by_platform={"shopify":6,"woocommerce":63,"shopify-html":82,"schema-product":48,"woocommerce-html":44,"magento":12,"magento-html":14,"bigcommerce-html":2}
[prefilter] worker=66 checked=11000/12465 passed=271 failed=10729 by_platform={"shopify":6,"woocommerce":63,"shopify-html":82,"schema-product":48,"woocommerce-html":44,"magento":12,"magento-html":14,"bigcommerce-html":2}
[prefilter] worker=33 checked=11050/12465 passed=271 failed=10779 by_platform={"shopify":6,"woocommerce":63,"shopify-html":82,"schema-product":48,"woocommerce-html":44,"magento":12,"magento-html":14,"bigcommerce-html":2}
[prefilter] worker=89 checked=11100/12465 passed=271 failed=10829 by_platform={"shopify":6,"woocommerce":63,"shopify-html":82,"schema-product":48,"woocommerce-html":44,"magento":12,"magento-html":14,"bigcommerce-html":2}
[prefilter] worker=33 checked=11150/12465 passed=271 failed=10879 by_platform={"shopify":6,"woocommerce":63,"shopify-html":82,"schema-product":48,"woocommerce-html":44,"magento":12,"magento-html":14,"bigcommerce-html":2}
[prefilter] worker=66 checked=11200/12465 passed=271 failed=10929 by_platform={"shopify":6,"woocommerce":63,"shopify-html":82,"schema-product":48,"woocommerce-html":44,"magento":12,"magento-html":14,"bigcommerce-html":2}
[prefilter] worker=33 checked=11250/12465 passed=271 failed=10979 by_platform={"shopify":6,"woocommerce":63,"shopify-html":82,"schema-product":48,"woocommerce-html":44,"magento":12,"magento-html":14,"bigcommerce-html":2}
[prefilter] worker=89 checked=11300/12465 passed=271 failed=11029 by_platform={"shopify":6,"woocommerce":63,"shopify-html":82,"schema-product":48,"woocommerce-html":44,"magento":12,"magento-html":14,"bigcommerce-html":2}
[prefilter] worker=33 checked=11350/12465 passed=271 failed=11079 by_platform={"shopify":6,"woocommerce":63,"shopify-html":82,"schema-product":48,"woocommerce-html":44,"magento":12,"magento-html":14,"bigcommerce-html":2}
[prefilter] worker=66 checked=11400/12465 passed=271 failed=11129 by_platform={"shopify":6,"woocommerce":63,"shopify-html":82,"schema-product":48,"woocommerce-html":44,"magento":12,"magento-html":14,"bigcommerce-html":2}
[prefilter] worker=33 checked=11450/12465 passed=271 failed=11179 by_platform={"shopify":6,"woocommerce":63,"shopify-html":82,"schema-product":48,"woocommerce-html":44,"magento":12,"magento-html":14,"bigcommerce-html":2}
[prefilter] worker=89 checked=11500/12465 passed=271 failed=11229 by_platform={"shopify":6,"woocommerce":63,"shopify-html":82,"schema-product":48,"woocommerce-html":44,"magento":12,"magento-html":14,"bigcommerce-html":2}
[prefilter] worker=33 checked=11550/12465 passed=271 failed=11279 by_platform={"shopify":6,"woocommerce":63,"shopify-html":82,"schema-product":48,"woocommerce-html":44,"magento":12,"magento-html":14,"bigcommerce-html":2}
[prefilter] worker=66 checked=11600/12465 passed=271 failed=11329 by_platform={"shopify":6,"woocommerce":63,"shopify-html":82,"schema-product":48,"woocommerce-html":44,"magento":12,"magento-html":14,"bigcommerce-html":2}
[prefilter] worker=33 checked=11650/12465 passed=271 failed=11379 by_platform={"shopify":6,"woocommerce":63,"shopify-html":82,"schema-product":48,"woocommerce-html":44,"magento":12,"magento-html":14,"bigcommerce-html":2}
[prefilter] worker=89 checked=11700/12465 passed=271 failed=11429 by_platform={"shopify":6,"woocommerce":63,"shopify-html":82,"schema-product":48,"woocommerce-html":44,"magento":12,"magento-html":14,"bigcommerce-html":2}
[prefilter] worker=33 checked=11750/12465 passed=271 failed=11479 by_platform={"shopify":6,"woocommerce":63,"shopify-html":82,"schema-product":48,"woocommerce-html":44,"magento":12,"magento-html":14,"bigcommerce-html":2}
[prefilter] worker=66 checked=11800/12465 passed=271 failed=11529 by_platform={"shopify":6,"woocommerce":63,"shopify-html":82,"schema-product":48,"woocommerce-html":44,"magento":12,"magento-html":14,"bigcommerce-html":2}
[prefilter] worker=33 checked=11850/12465 passed=271 failed=11579 by_platform={"shopify":6,"woocommerce":63,"shopify-html":82,"schema-product":48,"woocommerce-html":44,"magento":12,"magento-html":14,"bigcommerce-html":2}
[prefilter] worker=89 checked=11900/12465 passed=271 failed=11629 by_platform={"shopify":6,"woocommerce":63,"shopify-html":82,"schema-product":48,"woocommerce-html":44,"magento":12,"magento-html":14,"bigcommerce-html":2}
[prefilter] worker=33 checked=11950/12465 passed=271 failed=11679 by_platform={"shopify":6,"woocommerce":63,"shopify-html":82,"schema-product":48,"woocommerce-html":44,"magento":12,"magento-html":14,"bigcommerce-html":2}
[prefilter] worker=66 checked=12000/12465 passed=271 failed=11729 by_platform={"shopify":6,"woocommerce":63,"shopify-html":82,"schema-product":48,"woocommerce-html":44,"magento":12,"magento-html":14,"bigcommerce-html":2}
[prefilter] worker=33 checked=12050/12465 passed=271 failed=11779 by_platform={"shopify":6,"woocommerce":63,"shopify-html":82,"schema-product":48,"woocommerce-html":44,"magento":12,"magento-html":14,"bigcommerce-html":2}
[prefilter] worker=89 checked=12100/12465 passed=271 failed=11829 by_platform={"shopify":6,"woocommerce":63,"shopify-html":82,"schema-product":48,"woocommerce-html":44,"magento":12,"magento-html":14,"bigcommerce-html":2}
[prefilter] worker=33 checked=12150/12465 passed=271 failed=11879 by_platform={"shopify":6,"woocommerce":63,"shopify-html":82,"schema-product":48,"woocommerce-html":44,"magento":12,"magento-html":14,"bigcommerce-html":2}
[prefilter] worker=66 checked=12200/12465 passed=271 failed=11929 by_platform={"shopify":6,"woocommerce":63,"shopify-html":82,"schema-product":48,"woocommerce-html":44,"magento":12,"magento-html":14,"bigcommerce-html":2}
[prefilter] worker=33 checked=12250/12465 passed=271 failed=11979 by_platform={"shopify":6,"woocommerce":63,"shopify-html":82,"schema-product":48,"woocommerce-html":44,"magento":12,"magento-html":14,"bigcommerce-html":2}
[prefilter] worker=89 checked=12300/12465 passed=271 failed=12029 by_platform={"shopify":6,"woocommerce":63,"shopify-html":82,"schema-product":48,"woocommerce-html":44,"magento":12,"magento-html":14,"bigcommerce-html":2}
[prefilter] worker=33 checked=12350/12465 passed=271 failed=12079 by_platform={"shopify":6,"woocommerce":63,"shopify-html":82,"schema-product":48,"woocommerce-html":44,"magento":12,"magento-html":14,"bigcommerce-html":2}
[prefilter] worker=66 checked=12400/12465 passed=271 failed=12129 by_platform={"shopify":6,"woocommerce":63,"shopify-html":82,"schema-product":48,"woocommerce-html":44,"magento":12,"magento-html":14,"bigcommerce-html":2}
[prefilter] worker=33 checked=12450/12465 passed=271 failed=12179 by_platform={"shopify":6,"woocommerce":63,"shopify-html":82,"schema-product":48,"woocommerce-html":44,"magento":12,"magento-html":14,"bigcommerce-html":2}
[prefilter] worker=73 checked=12465/12465 passed=271 failed=12194 by_platform={"shopify":6,"woocommerce":63,"shopify-html":82,"schema-product":48,"woocommerce-html":44,"magento":12,"magento-html":14,"bigcommerce-html":2}
[prefilter] done: {"checked":12465,"passed":271,"failed":12194,"by_platform":{"shopify":6,"woocommerce":63,"shopify-html":82,"schema-product":48,"woocommerce-html":44,"magento":12,"magento-html":14,"bigcommerce-html":2},"started_at":"2026-06-07T13:25:45.305Z","finished_at":"2026-06-07T14:31:07.185Z","output":"data/benchmark_2026-06-07/prefilter/tranco_slice_0.ndjson","output_rows":271}
