[2026-06-05T20:54:35Z] KILL TEST: supervisor killed, waiting for cron restart
[2026-06-05T20:56:01Z] Loop supervisor not running — restarting
[2026-06-05T20:56:01Z] Stale PID file, removing
[2026-06-05T20:56:01Z] Starting supervisor daemon...
[2026-06-05T20:56:01Z] === Restarting dead loops ===
[2026-06-05T20:56:01Z] Skipped: buy30727-lane-supervisor (stop marker present)
[2026-06-05T20:56:03Z] Restarted 1 loops
[2026-06-05T20:56:04Z] Supervisor started (PID 3018553)
[2026-06-05T20:56:04Z] === Loop Supervisor Status ===
[2026-06-05T20:56:04Z]   ✓ buy30331-sustained-loop — PID 2210102, uptime    04:21:24
[2026-06-05T20:56:04Z]   ✓ buy30590-deep-page-loop — PID 2035822, uptime    05:23:37
[2026-06-05T20:56:04Z]   ✗ buy30727-lane-supervisor — DEAD
[2026-06-05T20:56:04Z] Alive: 2, Dead: 1
[2026-06-05T20:56:04Z] Supervisor: running (PID 3018553)
[2026-06-05T20:56:01Z] Supervisor restart triggered
[2026-06-05T20:56:01Z] Status: supervisor=false buy30331=0
0 buy30590=0
0 buy30727=0
0
[2026-06-05T20:58:01Z] ALERT: buy30331-sustained-loop is dead (supervisor alive but loop missing)
[2026-06-05T20:58:01Z] ALERT: buy30590-deep-page-loop is dead (supervisor alive but loop missing)
[2026-06-05T20:58:01Z] Triggering supervisor restart-dead for 2 dead loops
[2026-06-05T20:58:01Z] === Restarting dead loops ===
[2026-06-05T20:58:01Z] Skipped: buy30727-lane-supervisor (stop marker present)
[2026-06-05T20:58:03Z] Restarted 1 loops
[2026-06-05T20:58:01Z] Status: supervisor=true buy30331=0
0 buy30590=0
0 buy30727=0
0
[2026-06-05T21:00:01Z] ALERT: buy30331-sustained-loop is dead (supervisor alive but loop missing)
[2026-06-05T21:00:01Z] ALERT: buy30590-deep-page-loop is dead (supervisor alive but loop missing)
[2026-06-05T21:00:01Z] Triggering supervisor restart-dead for 2 dead loops
[2026-06-05T21:00:01Z] === Restarting dead loops ===
[2026-06-05T21:00:01Z] Skipped: buy30727-lane-supervisor (stop marker present)
[2026-06-05T21:00:03Z] Restarted 1 loops
[2026-06-05T21:00:01Z] Status: supervisor=true buy30331=0
0 buy30590=0
0 buy30727=0
0
[2026-06-05T21:02:01Z] ALERT: buy30331-sustained-loop is dead (supervisor alive but loop missing)
[2026-06-05T21:02:01Z] ALERT: buy30590-deep-page-loop is dead (supervisor alive but loop missing)
[2026-06-05T21:02:01Z] Triggering supervisor restart-dead for 2 dead loops
[2026-06-05T21:02:01Z] === Restarting dead loops ===
[2026-06-05T21:02:01Z] Skipped: buy30727-lane-supervisor (stop marker present)
[2026-06-05T21:02:03Z] Restarted 1 loops
[2026-06-05T21:02:01Z] Status: supervisor=true buy30331=0
0 buy30590=0
0 buy30727=0
0
[2026-06-05T21:04:01Z] ALERT: buy30331-sustained-loop is dead (supervisor alive but loop missing)
[2026-06-05T21:04:01Z] ALERT: buy30590-deep-page-loop is dead (supervisor alive but loop missing)
[2026-06-05T21:04:01Z] Triggering supervisor restart-dead for 2 dead loops
[2026-06-05T21:04:01Z] === Restarting dead loops ===
[2026-06-05T21:04:01Z] Skipped: buy30727-lane-supervisor (stop marker present)
[2026-06-05T21:04:03Z] Restarted 1 loops
[2026-06-05T21:04:01Z] Status: supervisor=true buy30331=0
0 buy30590=0
0 buy30727=0
0
[2026-06-05T21:06:01Z] ALERT: buy30331-sustained-loop is dead (supervisor alive but loop missing)
[2026-06-05T21:06:01Z] ALERT: buy30590-deep-page-loop is dead (supervisor alive but loop missing)
[2026-06-05T21:06:01Z] Triggering supervisor restart-dead for 2 dead loops
[2026-06-05T21:06:01Z] === Restarting dead loops ===
[2026-06-05T21:06:02Z] Skipped: buy30727-lane-supervisor (stop marker present)
[2026-06-05T21:06:04Z] Restarted 1 loops
[2026-06-05T21:06:01Z] Status: supervisor=true buy30331=0
0 buy30590=0
0 buy30727=0
0
[2026-06-05T21:08:01Z] ALERT: buy30331-sustained-loop is dead (supervisor alive but loop missing)
[2026-06-05T21:08:01Z] ALERT: buy30590-deep-page-loop is dead (supervisor alive but loop missing)
[2026-06-05T21:08:01Z] Triggering supervisor restart-dead for 2 dead loops
[2026-06-05T21:08:01Z] === Restarting dead loops ===
[2026-06-05T21:08:01Z] Skipped: buy30727-lane-supervisor (stop marker present)
[2026-06-05T21:08:03Z] Restarted 1 loops
[2026-06-05T21:08:01Z] Status: supervisor=true buy30331=0
0 buy30590=0
0 buy30727=0
0
[2026-06-05T21:10:01Z] ALERT: buy30331-sustained-loop is dead (supervisor alive but loop missing)
[2026-06-05T21:10:01Z] ALERT: buy30590-deep-page-loop is dead (supervisor alive but loop missing)
[2026-06-05T21:10:01Z] Triggering supervisor restart-dead for 2 dead loops
[2026-06-05T21:10:01Z] === Restarting dead loops ===
[2026-06-05T21:10:01Z] Skipped: buy30727-lane-supervisor (stop marker present)
[2026-06-05T21:10:03Z] Restarted 1 loops
[2026-06-05T21:10:01Z] Status: supervisor=true buy30331=0
0 buy30590=0
0 buy30727=0
0
[2026-06-05T21:12:01Z] ALERT: buy30331-sustained-loop is dead (supervisor alive but loop missing)
[2026-06-05T21:12:01Z] ALERT: buy30590-deep-page-loop is dead (supervisor alive but loop missing)
[2026-06-05T21:12:01Z] Triggering supervisor restart-dead for 2 dead loops
[2026-06-05T21:12:01Z] === Restarting dead loops ===
[2026-06-05T21:12:01Z] Skipped: buy30727-lane-supervisor (stop marker present)
[2026-06-05T21:12:03Z] Restarted 1 loops
[2026-06-05T21:12:01Z] Status: supervisor=true buy30331=0
0 buy30590=0
0 buy30727=0
0
[2026-06-05T21:14:02Z] ALERT: buy30331-sustained-loop is dead (supervisor alive but loop missing)
[2026-06-05T21:14:02Z] ALERT: buy30590-deep-page-loop is dead (supervisor alive but loop missing)
[2026-06-05T21:14:02Z] Triggering supervisor restart-dead for 2 dead loops
[2026-06-05T21:14:02Z] === Restarting dead loops ===
[2026-06-05T21:14:02Z] Skipped: buy30727-lane-supervisor (stop marker present)
[2026-06-05T21:14:04Z] Restarted 1 loops
[2026-06-05T21:14:02Z] Status: supervisor=true buy30331=0
0 buy30590=0
0 buy30727=0
0
[2026-06-05T21:16:01Z] ALERT: buy30331-sustained-loop is dead (supervisor alive but loop missing)
[2026-06-05T21:16:01Z] ALERT: buy30590-deep-page-loop is dead (supervisor alive but loop missing)
[2026-06-05T21:16:01Z] Triggering supervisor restart-dead for 2 dead loops
[2026-06-05T21:16:01Z] === Restarting dead loops ===
[2026-06-05T21:16:01Z] Skipped: buy30727-lane-supervisor (stop marker present)
[2026-06-05T21:16:03Z] Restarted 1 loops
[2026-06-05T21:16:01Z] Status: supervisor=true buy30331=0
0 buy30590=0
0 buy30727=0
0
[2026-06-05T21:18:01Z] ALERT: buy30331-sustained-loop is dead (supervisor alive but loop missing)
[2026-06-05T21:18:01Z] ALERT: buy30590-deep-page-loop is dead (supervisor alive but loop missing)
[2026-06-05T21:18:01Z] Triggering supervisor restart-dead for 2 dead loops
[2026-06-05T21:18:01Z] === Restarting dead loops ===
[2026-06-05T21:18:01Z] Skipped: buy30727-lane-supervisor (stop marker present)
[2026-06-05T21:18:03Z] Restarted 1 loops
[2026-06-05T21:18:01Z] Status: supervisor=true buy30331=0
0 buy30590=0
0 buy30727=0
0
[2026-06-05T21:20:01Z] ALERT: buy30331-sustained-loop is dead (supervisor alive but loop missing)
[2026-06-05T21:20:01Z] ALERT: buy30590-deep-page-loop is dead (supervisor alive but loop missing)
[2026-06-05T21:20:01Z] Triggering supervisor restart-dead for 2 dead loops
[2026-06-05T21:20:01Z] === Restarting dead loops ===
[2026-06-05T21:20:01Z] Skipped: buy30727-lane-supervisor (stop marker present)
[2026-06-05T21:20:03Z] Restarted 1 loops
[2026-06-05T21:20:01Z] Status: supervisor=true buy30331=0
0 buy30590=0
0 buy30727=0
0
[2026-06-05T21:22:01Z] ALERT: buy30331-sustained-loop is dead (supervisor alive but loop missing)
[2026-06-05T21:22:01Z] ALERT: buy30590-deep-page-loop is dead (supervisor alive but loop missing)
[2026-06-05T21:22:01Z] Triggering supervisor restart-dead for 2 dead loops
[2026-06-05T21:22:01Z] === Restarting dead loops ===
[2026-06-05T21:22:01Z] Skipped: buy30727-lane-supervisor (stop marker present)
[2026-06-05T21:22:03Z] Restarted 1 loops
[2026-06-05T21:22:01Z] Status: supervisor=true buy30331=0
0 buy30590=0
0 buy30727=0
0
[2026-06-05T21:24:01Z] ALERT: buy30331-sustained-loop is dead (supervisor alive but loop missing)
[2026-06-05T21:24:01Z] ALERT: buy30590-deep-page-loop is dead (supervisor alive but loop missing)
[2026-06-05T21:24:01Z] Triggering supervisor restart-dead for 2 dead loops
[2026-06-05T21:24:01Z] === Restarting dead loops ===
[2026-06-05T21:24:01Z] Skipped: buy30727-lane-supervisor (stop marker present)
[2026-06-05T21:24:03Z] Restarted 1 loops
[2026-06-05T21:24:01Z] Status: supervisor=true buy30331=0
0 buy30590=0
0 buy30727=0
0
[2026-06-05T21:26:01Z] ALERT: buy30331-sustained-loop is dead (supervisor alive but loop missing)
[2026-06-05T21:26:01Z] ALERT: buy30590-deep-page-loop is dead (supervisor alive but loop missing)
[2026-06-05T21:26:01Z] Triggering supervisor restart-dead for 2 dead loops
[2026-06-05T21:26:01Z] === Restarting dead loops ===
[2026-06-05T21:26:01Z] Skipped: buy30727-lane-supervisor (stop marker present)
[2026-06-05T21:26:03Z] Restarted 1 loops
[2026-06-05T21:26:01Z] Status: supervisor=true buy30331=0
0 buy30590=0
0 buy30727=0
0
[2026-06-05T21:28:01Z] ALERT: buy30331-sustained-loop is dead (supervisor alive but loop missing)
[2026-06-05T21:28:01Z] ALERT: buy30590-deep-page-loop is dead (supervisor alive but loop missing)
[2026-06-05T21:28:01Z] Triggering supervisor restart-dead for 2 dead loops
[2026-06-05T21:28:02Z] === Restarting dead loops ===
[2026-06-05T21:28:02Z] Skipped: buy30727-lane-supervisor (stop marker present)
[2026-06-05T21:28:04Z] Restarted 1 loops
[2026-06-05T21:28:01Z] Status: supervisor=true buy30331=0
0 buy30590=0
0 buy30727=0
0
[2026-06-05T21:30:01Z] ALERT: buy30331-sustained-loop is dead (supervisor alive but loop missing)
[2026-06-05T21:30:01Z] ALERT: buy30590-deep-page-loop is dead (supervisor alive but loop missing)
[2026-06-05T21:30:01Z] Triggering supervisor restart-dead for 2 dead loops
[2026-06-05T21:30:01Z] === Restarting dead loops ===
[2026-06-05T21:30:01Z] Skipped: buy30727-lane-supervisor (stop marker present)
[2026-06-05T21:30:03Z] Restarted 1 loops
[2026-06-05T21:30:01Z] Status: supervisor=true buy30331=0
0 buy30590=0
0 buy30727=0
0
[2026-06-05T21:32:01Z] ALERT: buy30331-sustained-loop is dead (supervisor alive but loop missing)
[2026-06-05T21:32:01Z] ALERT: buy30590-deep-page-loop is dead (supervisor alive but loop missing)
[2026-06-05T21:32:01Z] Triggering supervisor restart-dead for 2 dead loops
[2026-06-05T21:32:01Z] === Restarting dead loops ===
[2026-06-05T21:32:01Z] Skipped: buy30727-lane-supervisor (stop marker present)
[2026-06-05T21:32:03Z] Restarted 1 loops
[2026-06-05T21:32:01Z] Status: supervisor=true buy30331=0
0 buy30590=0
0 buy30727=0
0
[2026-06-05T21:34:01Z] ALERT: buy30331-sustained-loop is dead (supervisor alive but loop missing)
[2026-06-05T21:34:01Z] ALERT: buy30590-deep-page-loop is dead (supervisor alive but loop missing)
[2026-06-05T21:34:01Z] Triggering supervisor restart-dead for 2 dead loops
[2026-06-05T21:34:01Z] === Restarting dead loops ===
[2026-06-05T21:34:01Z] Skipped: buy30727-lane-supervisor (stop marker present)
[2026-06-05T21:34:03Z] Restarted 1 loops
[2026-06-05T21:34:01Z] Status: supervisor=true buy30331=0
0 buy30590=0
0 buy30727=0
0
[2026-06-05T21:36:01Z] ALERT: buy30331-sustained-loop is dead (supervisor alive but loop missing)
[2026-06-05T21:36:01Z] ALERT: buy30590-deep-page-loop is dead (supervisor alive but loop missing)
[2026-06-05T21:36:01Z] Triggering supervisor restart-dead for 2 dead loops
[2026-06-05T21:36:01Z] === Restarting dead loops ===
[2026-06-05T21:36:01Z] Skipped: buy30727-lane-supervisor (stop marker present)
[2026-06-05T21:36:03Z] Restarted 1 loops
[2026-06-05T21:36:01Z] Status: supervisor=true buy30331=0
0 buy30590=0
0 buy30727=0
0
[2026-06-05T21:38:01Z] ALERT: buy30331-sustained-loop is dead (supervisor alive but loop missing)
[2026-06-05T21:38:01Z] ALERT: buy30590-deep-page-loop is dead (supervisor alive but loop missing)
[2026-06-05T21:38:01Z] Triggering supervisor restart-dead for 2 dead loops
[2026-06-05T21:38:01Z] === Restarting dead loops ===
[2026-06-05T21:38:01Z] Skipped: buy30727-lane-supervisor (stop marker present)
[2026-06-05T21:38:03Z] Restarted 1 loops
[2026-06-05T21:38:01Z] Status: supervisor=true buy30331=0
0 buy30590=0
0 buy30727=0
0
[2026-06-05T21:40:01Z] ALERT: buy30331-sustained-loop is dead (supervisor alive but loop missing)
[2026-06-05T21:40:01Z] ALERT: buy30590-deep-page-loop is dead (supervisor alive but loop missing)
[2026-06-05T21:40:01Z] Triggering supervisor restart-dead for 2 dead loops
[2026-06-05T21:40:01Z] === Restarting dead loops ===
[2026-06-05T21:40:01Z] Skipped: buy30727-lane-supervisor (stop marker present)
[2026-06-05T21:40:03Z] Restarted 1 loops
[2026-06-05T21:40:01Z] Status: supervisor=true buy30331=0
0 buy30590=0
0 buy30727=0
0
[2026-06-05T21:42:01Z] ALERT: buy30331-sustained-loop is dead (supervisor alive but loop missing)
[2026-06-05T21:42:01Z] ALERT: buy30590-deep-page-loop is dead (supervisor alive but loop missing)
[2026-06-05T21:42:01Z] Triggering supervisor restart-dead for 2 dead loops
[2026-06-05T21:42:01Z] === Restarting dead loops ===
[2026-06-05T21:42:01Z] Skipped: buy30727-lane-supervisor (stop marker present)
[2026-06-05T21:42:03Z] Restarted 1 loops
[2026-06-05T21:42:01Z] Status: supervisor=true buy30331=0
0 buy30590=0
0 buy30727=0
0
[2026-06-05T21:44:01Z] ALERT: buy30331-sustained-loop is dead (supervisor alive but loop missing)
[2026-06-05T21:44:01Z] ALERT: buy30590-deep-page-loop is dead (supervisor alive but loop missing)
[2026-06-05T21:44:01Z] Triggering supervisor restart-dead for 2 dead loops
[2026-06-05T21:44:01Z] === Restarting dead loops ===
[2026-06-05T21:44:01Z] Skipped: buy30727-lane-supervisor (stop marker present)
[2026-06-05T21:44:03Z] Restarted 1 loops
[2026-06-05T21:44:01Z] Status: supervisor=true buy30331=0
0 buy30590=0
0 buy30727=0
0
[2026-06-05T21:46:01Z] ALERT: buy30331-sustained-loop is dead (supervisor alive but loop missing)
[2026-06-05T21:46:01Z] ALERT: buy30590-deep-page-loop is dead (supervisor alive but loop missing)
[2026-06-05T21:46:01Z] Triggering supervisor restart-dead for 2 dead loops
[2026-06-05T21:46:01Z] === Restarting dead loops ===
[2026-06-05T21:46:01Z] Skipped: buy30727-lane-supervisor (stop marker present)
[2026-06-05T21:46:03Z] Restarted 1 loops
[2026-06-05T21:46:01Z] Status: supervisor=true buy30331=0
0 buy30590=0
0 buy30727=0
0
[2026-06-05T21:48:01Z] ALERT: buy30331-sustained-loop is dead (supervisor alive but loop missing)
[2026-06-05T21:48:01Z] ALERT: buy30590-deep-page-loop is dead (supervisor alive but loop missing)
[2026-06-05T21:48:01Z] Triggering supervisor restart-dead for 2 dead loops
[2026-06-05T21:48:01Z] === Restarting dead loops ===
[2026-06-05T21:48:01Z] Skipped: buy30727-lane-supervisor (stop marker present)
[2026-06-05T21:48:03Z] Restarted 1 loops
[2026-06-05T21:48:01Z] Status: supervisor=true buy30331=0
0 buy30590=0
0 buy30727=0
0
[2026-06-05T21:50:01Z] ALERT: buy30331-sustained-loop is dead (supervisor alive but loop missing)
[2026-06-05T21:50:01Z] ALERT: buy30590-deep-page-loop is dead (supervisor alive but loop missing)
[2026-06-05T21:50:01Z] Triggering supervisor restart-dead for 2 dead loops
[2026-06-05T21:50:02Z] === Restarting dead loops ===
[2026-06-05T21:50:02Z] Skipped: buy30727-lane-supervisor (stop marker present)
[2026-06-05T21:50:04Z] Restarted 1 loops
[2026-06-05T21:50:01Z] Status: supervisor=true buy30331=0
0 buy30590=0
0 buy30727=0
0
[2026-06-05T21:52:01Z] ALERT: buy30331-sustained-loop is dead (supervisor alive but loop missing)
[2026-06-05T21:52:01Z] ALERT: buy30590-deep-page-loop is dead (supervisor alive but loop missing)
[2026-06-05T21:52:01Z] Triggering supervisor restart-dead for 2 dead loops
[2026-06-05T21:52:01Z] === Restarting dead loops ===
[2026-06-05T21:52:01Z] Skipped: buy30727-lane-supervisor (stop marker present)
[2026-06-05T21:52:03Z] Restarted 1 loops
[2026-06-05T21:52:01Z] Status: supervisor=true buy30331=0
0 buy30590=0
0 buy30727=0
0
[2026-06-05T21:54:01Z] ALERT: buy30331-sustained-loop is dead (supervisor alive but loop missing)
[2026-06-05T21:54:01Z] ALERT: buy30590-deep-page-loop is dead (supervisor alive but loop missing)
[2026-06-05T21:54:01Z] Triggering supervisor restart-dead for 2 dead loops
[2026-06-05T21:54:01Z] === Restarting dead loops ===
[2026-06-05T21:54:01Z] Skipped: buy30727-lane-supervisor (stop marker present)
[2026-06-05T21:54:03Z] Restarted 1 loops
[2026-06-05T21:54:01Z] Status: supervisor=true buy30331=0
0 buy30590=0
0 buy30727=0
0
[2026-06-05T21:56:01Z] ALERT: buy30331-sustained-loop is dead (supervisor alive but loop missing)
[2026-06-05T21:56:01Z] ALERT: buy30590-deep-page-loop is dead (supervisor alive but loop missing)
[2026-06-05T21:56:01Z] Triggering supervisor restart-dead for 2 dead loops
[2026-06-05T21:56:01Z] === Restarting dead loops ===
[2026-06-05T21:56:02Z] Skipped: buy30727-lane-supervisor (stop marker present)
[2026-06-05T21:56:04Z] Restarted 1 loops
[2026-06-05T21:56:01Z] Status: supervisor=true buy30331=0
0 buy30590=0
0 buy30727=0
0
[2026-06-05T21:58:01Z] ALERT: buy30331-sustained-loop is dead (supervisor alive but loop missing)
[2026-06-05T21:58:01Z] ALERT: buy30590-deep-page-loop is dead (supervisor alive but loop missing)
[2026-06-05T21:58:01Z] Triggering supervisor restart-dead for 2 dead loops
[2026-06-05T21:58:01Z] === Restarting dead loops ===
[2026-06-05T21:58:01Z] Skipped: buy30727-lane-supervisor (stop marker present)
[2026-06-05T21:58:03Z] Restarted 1 loops
[2026-06-05T21:58:01Z] Status: supervisor=true buy30331=0
0 buy30590=0
0 buy30727=0
0
[2026-06-05T22:00:01Z] ALERT: buy30331-sustained-loop is dead (supervisor alive but loop missing)
[2026-06-05T22:00:01Z] ALERT: buy30590-deep-page-loop is dead (supervisor alive but loop missing)
[2026-06-05T22:00:01Z] Triggering supervisor restart-dead for 2 dead loops
[2026-06-05T22:00:01Z] === Restarting dead loops ===
[2026-06-05T22:00:01Z] Skipped: buy30727-lane-supervisor (stop marker present)
[2026-06-05T22:00:03Z] Restarted 1 loops
[2026-06-05T22:00:01Z] Status: supervisor=true buy30331=0
0 buy30590=0
0 buy30727=0
0
[2026-06-05T22:02:02Z] ALERT: buy30331-sustained-loop is dead (supervisor alive but loop missing)
[2026-06-05T22:02:02Z] ALERT: buy30590-deep-page-loop is dead (supervisor alive but loop missing)
[2026-06-05T22:02:02Z] Triggering supervisor restart-dead for 2 dead loops
[2026-06-05T22:02:02Z] === Restarting dead loops ===
[2026-06-05T22:02:02Z] Skipped: buy30727-lane-supervisor (stop marker present)
[2026-06-05T22:02:04Z] Restarted 1 loops
[2026-06-05T22:02:02Z] Status: supervisor=true buy30331=0
0 buy30590=0
0 buy30727=0
0
[2026-06-05T22:04:01Z] ALERT: buy30331-sustained-loop is dead (supervisor alive but loop missing)
[2026-06-05T22:04:01Z] ALERT: buy30590-deep-page-loop is dead (supervisor alive but loop missing)
[2026-06-05T22:04:01Z] Triggering supervisor restart-dead for 2 dead loops
[2026-06-05T22:04:01Z] === Restarting dead loops ===
[2026-06-05T22:04:01Z] Skipped: buy30727-lane-supervisor (stop marker present)
[2026-06-05T22:04:03Z] Restarted 1 loops
[2026-06-05T22:04:01Z] Status: supervisor=true buy30331=0
0 buy30590=0
0 buy30727=0
0
[2026-06-05T22:06:01Z] ALERT: buy30331-sustained-loop is dead (supervisor alive but loop missing)
[2026-06-05T22:06:01Z] ALERT: buy30590-deep-page-loop is dead (supervisor alive but loop missing)
[2026-06-05T22:06:01Z] Triggering supervisor restart-dead for 2 dead loops
[2026-06-05T22:06:01Z] === Restarting dead loops ===
[2026-06-05T22:06:01Z] Skipped: buy30727-lane-supervisor (stop marker present)
[2026-06-05T22:06:03Z] Restarted 1 loops
[2026-06-05T22:06:01Z] Status: supervisor=true buy30331=0
0 buy30590=0
0 buy30727=0
0
[2026-06-05T22:08:01Z] ALERT: buy30331-sustained-loop is dead (supervisor alive but loop missing)
[2026-06-05T22:08:01Z] ALERT: buy30590-deep-page-loop is dead (supervisor alive but loop missing)
[2026-06-05T22:08:01Z] Triggering supervisor restart-dead for 2 dead loops
[2026-06-05T22:08:01Z] === Restarting dead loops ===
[2026-06-05T22:08:01Z] Skipped: buy30727-lane-supervisor (stop marker present)
[2026-06-05T22:08:03Z] Restarted 1 loops
[2026-06-05T22:08:01Z] Status: supervisor=true buy30331=0
0 buy30590=0
0 buy30727=0
0
[2026-06-05T22:10:01Z] ALERT: buy30331-sustained-loop is dead (supervisor alive but loop missing)
[2026-06-05T22:10:01Z] ALERT: buy30590-deep-page-loop is dead (supervisor alive but loop missing)
[2026-06-05T22:10:01Z] Triggering supervisor restart-dead for 2 dead loops
[2026-06-05T22:10:01Z] === Restarting dead loops ===
[2026-06-05T22:10:01Z] Skipped: buy30727-lane-supervisor (stop marker present)
[2026-06-05T22:10:03Z] Restarted 1 loops
[2026-06-05T22:10:01Z] Status: supervisor=true buy30331=0
0 buy30590=0
0 buy30727=0
0
[2026-06-05T22:12:01Z] ALERT: buy30331-sustained-loop is dead (supervisor alive but loop missing)
[2026-06-05T22:12:01Z] ALERT: buy30590-deep-page-loop is dead (supervisor alive but loop missing)
[2026-06-05T22:12:01Z] Triggering supervisor restart-dead for 2 dead loops
[2026-06-05T22:12:01Z] === Restarting dead loops ===
[2026-06-05T22:12:01Z] Skipped: buy30727-lane-supervisor (stop marker present)
[2026-06-05T22:12:03Z] Restarted 1 loops
[2026-06-05T22:12:01Z] Status: supervisor=true buy30331=0
0 buy30590=0
0 buy30727=0
0
[2026-06-05T22:14:01Z] ALERT: buy30331-sustained-loop is dead (supervisor alive but loop missing)
[2026-06-05T22:14:01Z] ALERT: buy30590-deep-page-loop is dead (supervisor alive but loop missing)
[2026-06-05T22:14:01Z] Triggering supervisor restart-dead for 2 dead loops
[2026-06-05T22:14:01Z] === Restarting dead loops ===
[2026-06-05T22:14:01Z] Skipped: buy30727-lane-supervisor (stop marker present)
[2026-06-05T22:14:03Z] Restarted 1 loops
[2026-06-05T22:14:01Z] Status: supervisor=true buy30331=0
0 buy30590=0
0 buy30727=0
0
[2026-06-05T22:16:01Z] ALERT: buy30331-sustained-loop is dead (supervisor alive but loop missing)
[2026-06-05T22:16:01Z] ALERT: buy30590-deep-page-loop is dead (supervisor alive but loop missing)
[2026-06-05T22:16:01Z] Triggering supervisor restart-dead for 2 dead loops
[2026-06-05T22:16:01Z] === Restarting dead loops ===
[2026-06-05T22:16:01Z] Skipped: buy30727-lane-supervisor (stop marker present)
[2026-06-05T22:16:03Z] Restarted 1 loops
[2026-06-05T22:16:01Z] Status: supervisor=true buy30331=0
0 buy30590=0
0 buy30727=0
0
[2026-06-05T22:18:01Z] ALERT: buy30331-sustained-loop is dead (supervisor alive but loop missing)
[2026-06-05T22:18:01Z] ALERT: buy30590-deep-page-loop is dead (supervisor alive but loop missing)
[2026-06-05T22:18:01Z] Triggering supervisor restart-dead for 2 dead loops
[2026-06-05T22:18:01Z] === Restarting dead loops ===
[2026-06-05T22:18:01Z] Skipped: buy30727-lane-supervisor (stop marker present)
[2026-06-05T22:18:03Z] Restarted 1 loops
[2026-06-05T22:18:01Z] Status: supervisor=true buy30331=0
0 buy30590=0
0 buy30727=0
0
[2026-06-05T22:20:01Z] ALERT: buy30331-sustained-loop is dead (supervisor alive but loop missing)
[2026-06-05T22:20:01Z] ALERT: buy30590-deep-page-loop is dead (supervisor alive but loop missing)
[2026-06-05T22:20:01Z] Triggering supervisor restart-dead for 2 dead loops
[2026-06-05T22:20:01Z] === Restarting dead loops ===
[2026-06-05T22:20:01Z] Skipped: buy30727-lane-supervisor (stop marker present)
[2026-06-05T22:20:03Z] Restarted 1 loops
[2026-06-05T22:20:01Z] Status: supervisor=true buy30331=0
0 buy30590=0
0 buy30727=0
0
[2026-06-05T22:22:01Z] ALERT: buy30331-sustained-loop is dead (supervisor alive but loop missing)
[2026-06-05T22:22:01Z] ALERT: buy30590-deep-page-loop is dead (supervisor alive but loop missing)
[2026-06-05T22:22:01Z] Triggering supervisor restart-dead for 2 dead loops
[2026-06-05T22:22:01Z] === Restarting dead loops ===
[2026-06-05T22:22:01Z] Skipped: buy30727-lane-supervisor (stop marker present)
[2026-06-05T22:22:03Z] Restarted 1 loops
[2026-06-05T22:22:01Z] Status: supervisor=true buy30331=0
0 buy30590=0
0 buy30727=0
0
[2026-06-05T22:24:01Z] ALERT: buy30331-sustained-loop is dead (supervisor alive but loop missing)
[2026-06-05T22:24:01Z] ALERT: buy30590-deep-page-loop is dead (supervisor alive but loop missing)
[2026-06-05T22:24:01Z] Triggering supervisor restart-dead for 2 dead loops
[2026-06-05T22:24:01Z] === Restarting dead loops ===
[2026-06-05T22:24:01Z] Skipped: buy30727-lane-supervisor (stop marker present)
[2026-06-05T22:24:03Z] Restarted 1 loops
[2026-06-05T22:24:01Z] Status: supervisor=true buy30331=0
0 buy30590=0
0 buy30727=0
0
[2026-06-05T22:26:01Z] ALERT: buy30331-sustained-loop is dead (supervisor alive but loop missing)
[2026-06-05T22:26:01Z] ALERT: buy30590-deep-page-loop is dead (supervisor alive but loop missing)
[2026-06-05T22:26:01Z] Triggering supervisor restart-dead for 2 dead loops
[2026-06-05T22:26:01Z] === Restarting dead loops ===
[2026-06-05T22:26:01Z] Skipped: buy30727-lane-supervisor (stop marker present)
[2026-06-05T22:26:03Z] Restarted 1 loops
[2026-06-05T22:26:01Z] Status: supervisor=true buy30331=0
0 buy30590=0
0 buy30727=0
0
[2026-06-05T22:28:01Z] ALERT: buy30331-sustained-loop is dead (supervisor alive but loop missing)
[2026-06-05T22:28:01Z] ALERT: buy30590-deep-page-loop is dead (supervisor alive but loop missing)
[2026-06-05T22:28:01Z] Triggering supervisor restart-dead for 2 dead loops
[2026-06-05T22:28:01Z] === Restarting dead loops ===
[2026-06-05T22:28:01Z] Skipped: buy30727-lane-supervisor (stop marker present)
[2026-06-05T22:28:03Z] Restarted 1 loops
[2026-06-05T22:28:01Z] Status: supervisor=true buy30331=0
0 buy30590=0
0 buy30727=0
0
[2026-06-05T22:30:01Z] ALERT: buy30331-sustained-loop is dead (supervisor alive but loop missing)
[2026-06-05T22:30:01Z] ALERT: buy30590-deep-page-loop is dead (supervisor alive but loop missing)
[2026-06-05T22:30:01Z] Triggering supervisor restart-dead for 2 dead loops
[2026-06-05T22:30:01Z] === Restarting dead loops ===
[2026-06-05T22:30:01Z] Skipped: buy30727-lane-supervisor (stop marker present)
[2026-06-05T22:30:03Z] Restarted 1 loops
[2026-06-05T22:30:01Z] Status: supervisor=true buy30331=0
0 buy30590=0
0 buy30727=0
0
[2026-06-05T22:32:01Z] ALERT: buy30331-sustained-loop is dead (supervisor alive but loop missing)
[2026-06-05T22:32:01Z] ALERT: buy30590-deep-page-loop is dead (supervisor alive but loop missing)
[2026-06-05T22:32:01Z] Triggering supervisor restart-dead for 2 dead loops
[2026-06-05T22:32:01Z] === Restarting dead loops ===
[2026-06-05T22:32:01Z] Skipped: buy30727-lane-supervisor (stop marker present)
[2026-06-05T22:32:03Z] Restarted 1 loops
[2026-06-05T22:32:01Z] Status: supervisor=true buy30331=0
0 buy30590=0
0 buy30727=0
0
[2026-06-05T22:34:01Z] ALERT: buy30331-sustained-loop is dead (supervisor alive but loop missing)
[2026-06-05T22:34:01Z] ALERT: buy30590-deep-page-loop is dead (supervisor alive but loop missing)
[2026-06-05T22:34:01Z] Triggering supervisor restart-dead for 2 dead loops
[2026-06-05T22:34:01Z] === Restarting dead loops ===
[2026-06-05T22:34:01Z] Skipped: buy30727-lane-supervisor (stop marker present)
[2026-06-05T22:34:03Z] Restarted 1 loops
[2026-06-05T22:34:01Z] Status: supervisor=true buy30331=0
0 buy30590=0
0 buy30727=0
0
[2026-06-05T22:36:01Z] ALERT: buy30331-sustained-loop is dead (supervisor alive but loop missing)
[2026-06-05T22:36:01Z] ALERT: buy30590-deep-page-loop is dead (supervisor alive but loop missing)
[2026-06-05T22:36:01Z] Triggering supervisor restart-dead for 2 dead loops
[2026-06-05T22:36:01Z] === Restarting dead loops ===
[2026-06-05T22:36:01Z] Skipped: buy30727-lane-supervisor (stop marker present)
[2026-06-05T22:36:03Z] Restarted 1 loops
[2026-06-05T22:36:01Z] Status: supervisor=true buy30331=0
0 buy30590=0
0 buy30727=0
0
[2026-06-05T22:38:01Z] ALERT: buy30331-sustained-loop is dead (supervisor alive but loop missing)
[2026-06-05T22:38:01Z] ALERT: buy30590-deep-page-loop is dead (supervisor alive but loop missing)
[2026-06-05T22:38:01Z] Triggering supervisor restart-dead for 2 dead loops
[2026-06-05T22:38:01Z] === Restarting dead loops ===
[2026-06-05T22:38:01Z] Skipped: buy30727-lane-supervisor (stop marker present)
[2026-06-05T22:38:03Z] Restarted 1 loops
[2026-06-05T22:38:01Z] Status: supervisor=true buy30331=0
0 buy30590=0
0 buy30727=0
0
[2026-06-05T22:40:01Z] ALERT: buy30331-sustained-loop is dead (supervisor alive but loop missing)
[2026-06-05T22:40:01Z] ALERT: buy30590-deep-page-loop is dead (supervisor alive but loop missing)
[2026-06-05T22:40:01Z] Triggering supervisor restart-dead for 2 dead loops
[2026-06-05T22:40:01Z] === Restarting dead loops ===
[2026-06-05T22:40:01Z] Skipped: buy30727-lane-supervisor (stop marker present)
[2026-06-05T22:40:03Z] Restarted 1 loops
[2026-06-05T22:40:01Z] Status: supervisor=true buy30331=0
0 buy30590=0
0 buy30727=0
0
[2026-06-05T22:42:01Z] ALERT: buy30331-sustained-loop is dead (supervisor alive but loop missing)
[2026-06-05T22:42:01Z] ALERT: buy30590-deep-page-loop is dead (supervisor alive but loop missing)
[2026-06-05T22:42:01Z] Triggering supervisor restart-dead for 2 dead loops
[2026-06-05T22:42:01Z] === Restarting dead loops ===
[2026-06-05T22:42:02Z] Skipped: buy30727-lane-supervisor (stop marker present)
[2026-06-05T22:42:04Z] Restarted 1 loops
[2026-06-05T22:42:01Z] Status: supervisor=true buy30331=0
0 buy30590=0
0 buy30727=0
0
[2026-06-05T22:44:01Z] ALERT: buy30331-sustained-loop is dead (supervisor alive but loop missing)
[2026-06-05T22:44:01Z] ALERT: buy30590-deep-page-loop is dead (supervisor alive but loop missing)
[2026-06-05T22:44:01Z] Triggering supervisor restart-dead for 2 dead loops
[2026-06-05T22:44:01Z] === Restarting dead loops ===
[2026-06-05T22:44:01Z] Skipped: buy30727-lane-supervisor (stop marker present)
[2026-06-05T22:44:03Z] Restarted 1 loops
[2026-06-05T22:44:01Z] Status: supervisor=true buy30331=0
0 buy30590=0
0 buy30727=0
0
[2026-06-05T22:46:01Z] ALERT: buy30331-sustained-loop is dead (supervisor alive but loop missing)
[2026-06-05T22:46:01Z] ALERT: buy30590-deep-page-loop is dead (supervisor alive but loop missing)
[2026-06-05T22:46:01Z] Triggering supervisor restart-dead for 2 dead loops
[2026-06-05T22:46:01Z] === Restarting dead loops ===
[2026-06-05T22:46:01Z] Skipped: buy30727-lane-supervisor (stop marker present)
[2026-06-05T22:46:03Z] Restarted 1 loops
[2026-06-05T22:46:01Z] Status: supervisor=true buy30331=0
0 buy30590=0
0 buy30727=0
0
[2026-06-05T22:48:01Z] ALERT: buy30331-sustained-loop is dead (supervisor alive but loop missing)
[2026-06-05T22:48:01Z] ALERT: buy30590-deep-page-loop is dead (supervisor alive but loop missing)
[2026-06-05T22:48:01Z] Triggering supervisor restart-dead for 2 dead loops
[2026-06-05T22:48:02Z] === Restarting dead loops ===
[2026-06-05T22:48:02Z] Skipped: buy30727-lane-supervisor (stop marker present)
[2026-06-05T22:48:04Z] Restarted 1 loops
[2026-06-05T22:48:01Z] Status: supervisor=true buy30331=0
0 buy30590=0
0 buy30727=0
0
[2026-06-05T22:50:01Z] ALERT: buy30331-sustained-loop is dead (supervisor alive but loop missing)
[2026-06-05T22:50:01Z] ALERT: buy30590-deep-page-loop is dead (supervisor alive but loop missing)
[2026-06-05T22:50:01Z] Triggering supervisor restart-dead for 2 dead loops
[2026-06-05T22:50:01Z] === Restarting dead loops ===
[2026-06-05T22:50:01Z] Skipped: buy30727-lane-supervisor (stop marker present)
[2026-06-05T22:50:03Z] Restarted 1 loops
[2026-06-05T22:50:01Z] Status: supervisor=true buy30331=0
0 buy30590=0
0 buy30727=0
0
[2026-06-05T22:52:01Z] ALERT: buy30331-sustained-loop is dead (supervisor alive but loop missing)
[2026-06-05T22:52:01Z] ALERT: buy30590-deep-page-loop is dead (supervisor alive but loop missing)
[2026-06-05T22:52:01Z] Triggering supervisor restart-dead for 2 dead loops
[2026-06-05T22:52:01Z] === Restarting dead loops ===
[2026-06-05T22:52:01Z] Skipped: buy30727-lane-supervisor (stop marker present)
[2026-06-05T22:52:03Z] Restarted 1 loops
[2026-06-05T22:52:01Z] Status: supervisor=true buy30331=0
0 buy30590=0
0 buy30727=0
0
[2026-06-05T22:54:01Z] ALERT: buy30331-sustained-loop is dead (supervisor alive but loop missing)
[2026-06-05T22:54:01Z] ALERT: buy30590-deep-page-loop is dead (supervisor alive but loop missing)
[2026-06-05T22:54:01Z] Triggering supervisor restart-dead for 2 dead loops
[2026-06-05T22:54:01Z] === Restarting dead loops ===
[2026-06-05T22:54:02Z] Skipped: buy30727-lane-supervisor (stop marker present)
[2026-06-05T22:54:04Z] Restarted 1 loops
[2026-06-05T22:54:01Z] Status: supervisor=true buy30331=0
0 buy30590=0
0 buy30727=0
0
[2026-06-05T22:56:01Z] ALERT: buy30331-sustained-loop is dead (supervisor alive but loop missing)
[2026-06-05T22:56:01Z] ALERT: buy30590-deep-page-loop is dead (supervisor alive but loop missing)
[2026-06-05T22:56:01Z] Triggering supervisor restart-dead for 2 dead loops
[2026-06-05T22:56:01Z] === Restarting dead loops ===
[2026-06-05T22:56:01Z] Skipped: buy30727-lane-supervisor (stop marker present)
[2026-06-05T22:56:03Z] Restarted 1 loops
[2026-06-05T22:56:01Z] Status: supervisor=true buy30331=0
0 buy30590=0
0 buy30727=0
0
[2026-06-05T22:58:01Z] ALERT: buy30331-sustained-loop is dead (supervisor alive but loop missing)
[2026-06-05T22:58:01Z] ALERT: buy30590-deep-page-loop is dead (supervisor alive but loop missing)
[2026-06-05T22:58:01Z] Triggering supervisor restart-dead for 2 dead loops
[2026-06-05T22:58:01Z] === Restarting dead loops ===
[2026-06-05T22:58:01Z] Skipped: buy30727-lane-supervisor (stop marker present)
[2026-06-05T22:58:03Z] Restarted 1 loops
[2026-06-05T22:58:01Z] Status: supervisor=true buy30331=0
0 buy30590=0
0 buy30727=0
0
[2026-06-05T23:00:01Z] ALERT: buy30331-sustained-loop is dead (supervisor alive but loop missing)
[2026-06-05T23:00:01Z] ALERT: buy30590-deep-page-loop is dead (supervisor alive but loop missing)
[2026-06-05T23:00:01Z] Triggering supervisor restart-dead for 2 dead loops
[2026-06-05T23:00:01Z] === Restarting dead loops ===
[2026-06-05T23:00:02Z] Skipped: buy30727-lane-supervisor (stop marker present)
[2026-06-05T23:00:04Z] Restarted 1 loops
[2026-06-05T23:00:01Z] Status: supervisor=true buy30331=0
0 buy30590=0
0 buy30727=0
0
[2026-06-05T23:02:01Z] ALERT: buy30331-sustained-loop is dead (supervisor alive but loop missing)
[2026-06-05T23:02:01Z] ALERT: buy30590-deep-page-loop is dead (supervisor alive but loop missing)
[2026-06-05T23:02:01Z] Triggering supervisor restart-dead for 2 dead loops
[2026-06-05T23:02:01Z] === Restarting dead loops ===
[2026-06-05T23:02:01Z] Skipped: buy30727-lane-supervisor (stop marker present)
[2026-06-05T23:02:03Z] Restarted 1 loops
[2026-06-05T23:02:01Z] Status: supervisor=true buy30331=0
0 buy30590=0
0 buy30727=0
0
[2026-06-05T23:04:01Z] ALERT: buy30331-sustained-loop is dead (supervisor alive but loop missing)
[2026-06-05T23:04:01Z] ALERT: buy30590-deep-page-loop is dead (supervisor alive but loop missing)
[2026-06-05T23:04:01Z] Triggering supervisor restart-dead for 2 dead loops
[2026-06-05T23:04:01Z] === Restarting dead loops ===
[2026-06-05T23:04:01Z] Skipped: buy30727-lane-supervisor (stop marker present)
[2026-06-05T23:04:03Z] Restarted 1 loops
[2026-06-05T23:04:01Z] Status: supervisor=true buy30331=0
0 buy30590=0
0 buy30727=0
0
[2026-06-05T23:06:01Z] ALERT: buy30331-sustained-loop is dead (supervisor alive but loop missing)
[2026-06-05T23:06:01Z] ALERT: buy30590-deep-page-loop is dead (supervisor alive but loop missing)
[2026-06-05T23:06:01Z] Triggering supervisor restart-dead for 2 dead loops
[2026-06-05T23:06:01Z] === Restarting dead loops ===
[2026-06-05T23:06:01Z] Skipped: buy30727-lane-supervisor (stop marker present)
[2026-06-05T23:06:03Z] Restarted 1 loops
[2026-06-05T23:06:01Z] Status: supervisor=true buy30331=0
0 buy30590=0
0 buy30727=0
0
[2026-06-05T23:08:01Z] ALERT: buy30331-sustained-loop is dead (supervisor alive but loop missing)
[2026-06-05T23:08:01Z] ALERT: buy30590-deep-page-loop is dead (supervisor alive but loop missing)
[2026-06-05T23:08:01Z] Triggering supervisor restart-dead for 2 dead loops
[2026-06-05T23:08:01Z] === Restarting dead loops ===
[2026-06-05T23:08:01Z] Skipped: buy30727-lane-supervisor (stop marker present)
[2026-06-05T23:08:03Z] Restarted 1 loops
[2026-06-05T23:08:01Z] Status: supervisor=true buy30331=0
0 buy30590=0
0 buy30727=0
0
[2026-06-05T23:10:01Z] ALERT: buy30331-sustained-loop is dead (supervisor alive but loop missing)
[2026-06-05T23:10:01Z] ALERT: buy30590-deep-page-loop is dead (supervisor alive but loop missing)
[2026-06-05T23:10:01Z] Triggering supervisor restart-dead for 2 dead loops
[2026-06-05T23:10:01Z] === Restarting dead loops ===
[2026-06-05T23:10:01Z] Skipped: buy30727-lane-supervisor (stop marker present)
[2026-06-05T23:10:03Z] Restarted 1 loops
[2026-06-05T23:10:01Z] Status: supervisor=true buy30331=0
0 buy30590=0
0 buy30727=0
0
[2026-06-05T23:12:01Z] ALERT: buy30331-sustained-loop is dead (supervisor alive but loop missing)
[2026-06-05T23:12:01Z] ALERT: buy30590-deep-page-loop is dead (supervisor alive but loop missing)
[2026-06-05T23:12:01Z] Triggering supervisor restart-dead for 2 dead loops
[2026-06-05T23:12:01Z] === Restarting dead loops ===
[2026-06-05T23:12:01Z] Skipped: buy30727-lane-supervisor (stop marker present)
[2026-06-05T23:12:03Z] Restarted 1 loops
[2026-06-05T23:12:01Z] Status: supervisor=true buy30331=0
0 buy30590=0
0 buy30727=0
0
[2026-06-05T23:14:01Z] ALERT: buy30331-sustained-loop is dead (supervisor alive but loop missing)
[2026-06-05T23:14:01Z] ALERT: buy30590-deep-page-loop is dead (supervisor alive but loop missing)
[2026-06-05T23:14:01Z] Triggering supervisor restart-dead for 2 dead loops
[2026-06-05T23:14:01Z] === Restarting dead loops ===
[2026-06-05T23:14:01Z] Skipped: buy30727-lane-supervisor (stop marker present)
[2026-06-05T23:14:03Z] Restarted 1 loops
[2026-06-05T23:14:01Z] Status: supervisor=true buy30331=0
0 buy30590=0
0 buy30727=0
0
[2026-06-05T23:16:01Z] ALERT: buy30331-sustained-loop is dead (supervisor alive but loop missing)
[2026-06-05T23:16:01Z] ALERT: buy30590-deep-page-loop is dead (supervisor alive but loop missing)
[2026-06-05T23:16:01Z] Triggering supervisor restart-dead for 2 dead loops
[2026-06-05T23:16:01Z] === Restarting dead loops ===
[2026-06-05T23:16:01Z] Skipped: buy30727-lane-supervisor (stop marker present)
[2026-06-05T23:16:03Z] Restarted 1 loops
[2026-06-05T23:16:01Z] Status: supervisor=true buy30331=0
0 buy30590=0
0 buy30727=0
0
[2026-06-05T23:18:01Z] ALERT: buy30331-sustained-loop is dead (supervisor alive but loop missing)
[2026-06-05T23:18:01Z] ALERT: buy30590-deep-page-loop is dead (supervisor alive but loop missing)
[2026-06-05T23:18:01Z] Triggering supervisor restart-dead for 2 dead loops
[2026-06-05T23:18:01Z] === Restarting dead loops ===
[2026-06-05T23:18:01Z] Skipped: buy30727-lane-supervisor (stop marker present)
[2026-06-05T23:18:03Z] Restarted 1 loops
[2026-06-05T23:18:01Z] Status: supervisor=true buy30331=0
0 buy30590=0
0 buy30727=0
0
[2026-06-05T23:20:01Z] ALERT: buy30331-sustained-loop is dead (supervisor alive but loop missing)
[2026-06-05T23:20:01Z] ALERT: buy30590-deep-page-loop is dead (supervisor alive but loop missing)
[2026-06-05T23:20:01Z] Triggering supervisor restart-dead for 2 dead loops
[2026-06-05T23:20:01Z] === Restarting dead loops ===
[2026-06-05T23:20:01Z] Skipped: buy30727-lane-supervisor (stop marker present)
[2026-06-05T23:20:03Z] Restarted 1 loops
[2026-06-05T23:20:01Z] Status: supervisor=true buy30331=0
0 buy30590=0
0 buy30727=0
0
[2026-06-05T23:22:01Z] ALERT: buy30331-sustained-loop is dead (supervisor alive but loop missing)
[2026-06-05T23:22:01Z] ALERT: buy30590-deep-page-loop is dead (supervisor alive but loop missing)
[2026-06-05T23:22:01Z] Triggering supervisor restart-dead for 2 dead loops
[2026-06-05T23:22:01Z] === Restarting dead loops ===
[2026-06-05T23:22:01Z] Skipped: buy30727-lane-supervisor (stop marker present)
[2026-06-05T23:22:03Z] Restarted 1 loops
[2026-06-05T23:22:01Z] Status: supervisor=true buy30331=0
0 buy30590=0
0 buy30727=0
0
[2026-06-05T23:24:01Z] ALERT: buy30331-sustained-loop is dead (supervisor alive but loop missing)
[2026-06-05T23:24:01Z] ALERT: buy30590-deep-page-loop is dead (supervisor alive but loop missing)
[2026-06-05T23:24:01Z] Triggering supervisor restart-dead for 2 dead loops
[2026-06-05T23:24:01Z] === Restarting dead loops ===
[2026-06-05T23:24:01Z] Skipped: buy30727-lane-supervisor (stop marker present)
[2026-06-05T23:24:03Z] Restarted 1 loops
[2026-06-05T23:24:01Z] Status: supervisor=true buy30331=0
0 buy30590=0
0 buy30727=0
0
[2026-06-05T23:26:01Z] ALERT: buy30331-sustained-loop is dead (supervisor alive but loop missing)
[2026-06-05T23:26:01Z] ALERT: buy30590-deep-page-loop is dead (supervisor alive but loop missing)
[2026-06-05T23:26:01Z] Triggering supervisor restart-dead for 2 dead loops
[2026-06-05T23:26:01Z] === Restarting dead loops ===
[2026-06-05T23:26:01Z] Skipped: buy30727-lane-supervisor (stop marker present)
[2026-06-05T23:26:03Z] Restarted 1 loops
[2026-06-05T23:26:01Z] Status: supervisor=true buy30331=0
0 buy30590=0
0 buy30727=0
0
[2026-06-05T23:28:01Z] ALERT: buy30331-sustained-loop is dead (supervisor alive but loop missing)
[2026-06-05T23:28:01Z] ALERT: buy30590-deep-page-loop is dead (supervisor alive but loop missing)
[2026-06-05T23:28:01Z] Triggering supervisor restart-dead for 2 dead loops
[2026-06-05T23:28:01Z] === Restarting dead loops ===
[2026-06-05T23:28:01Z] Skipped: buy30727-lane-supervisor (stop marker present)
[2026-06-05T23:28:03Z] Restarted 1 loops
[2026-06-05T23:28:01Z] Status: supervisor=true buy30331=0
0 buy30590=0
0 buy30727=0
0
[2026-06-05T23:30:01Z] ALERT: buy30331-sustained-loop is dead (supervisor alive but loop missing)
[2026-06-05T23:30:01Z] ALERT: buy30590-deep-page-loop is dead (supervisor alive but loop missing)
[2026-06-05T23:30:01Z] Triggering supervisor restart-dead for 2 dead loops
[2026-06-05T23:30:01Z] === Restarting dead loops ===
[2026-06-05T23:30:01Z] Skipped: buy30727-lane-supervisor (stop marker present)
[2026-06-05T23:30:03Z] Restarted 1 loops
[2026-06-05T23:30:01Z] Status: supervisor=true buy30331=0
0 buy30590=0
0 buy30727=0
0
[2026-06-05T23:32:01Z] ALERT: buy30331-sustained-loop is dead (supervisor alive but loop missing)
[2026-06-05T23:32:01Z] ALERT: buy30590-deep-page-loop is dead (supervisor alive but loop missing)
[2026-06-05T23:32:01Z] Triggering supervisor restart-dead for 2 dead loops
[2026-06-05T23:32:02Z] === Restarting dead loops ===
[2026-06-05T23:32:02Z] Skipped: buy30727-lane-supervisor (stop marker present)
[2026-06-05T23:32:04Z] Restarted 1 loops
[2026-06-05T23:32:01Z] Status: supervisor=true buy30331=0
0 buy30590=0
0 buy30727=0
0
[2026-06-05T23:34:01Z] ALERT: buy30331-sustained-loop is dead (supervisor alive but loop missing)
[2026-06-05T23:34:01Z] ALERT: buy30590-deep-page-loop is dead (supervisor alive but loop missing)
[2026-06-05T23:34:01Z] Triggering supervisor restart-dead for 2 dead loops
[2026-06-05T23:34:01Z] === Restarting dead loops ===
[2026-06-05T23:34:01Z] Skipped: buy30727-lane-supervisor (stop marker present)
[2026-06-05T23:34:03Z] Restarted 1 loops
[2026-06-05T23:34:01Z] Status: supervisor=true buy30331=0
0 buy30590=0
0 buy30727=0
0
[2026-06-05T23:36:01Z] ALERT: buy30331-sustained-loop is dead (supervisor alive but loop missing)
[2026-06-05T23:36:01Z] ALERT: buy30590-deep-page-loop is dead (supervisor alive but loop missing)
[2026-06-05T23:36:01Z] Triggering supervisor restart-dead for 2 dead loops
[2026-06-05T23:36:01Z] === Restarting dead loops ===
[2026-06-05T23:36:01Z] Skipped: buy30727-lane-supervisor (stop marker present)
[2026-06-05T23:36:03Z] Restarted 1 loops
[2026-06-05T23:36:01Z] Status: supervisor=true buy30331=0
0 buy30590=0
0 buy30727=0
0
[2026-06-05T23:38:01Z] ALERT: buy30331-sustained-loop is dead (supervisor alive but loop missing)
[2026-06-05T23:38:01Z] ALERT: buy30590-deep-page-loop is dead (supervisor alive but loop missing)
[2026-06-05T23:38:01Z] Triggering supervisor restart-dead for 2 dead loops
[2026-06-05T23:38:01Z] === Restarting dead loops ===
[2026-06-05T23:38:01Z] Skipped: buy30727-lane-supervisor (stop marker present)
[2026-06-05T23:38:03Z] Restarted 1 loops
[2026-06-05T23:38:01Z] Status: supervisor=true buy30331=0
0 buy30590=0
0 buy30727=0
0
[2026-06-05T23:40:01Z] ALERT: buy30331-sustained-loop is dead (supervisor alive but loop missing)
[2026-06-05T23:40:01Z] ALERT: buy30590-deep-page-loop is dead (supervisor alive but loop missing)
[2026-06-05T23:40:01Z] Triggering supervisor restart-dead for 2 dead loops
[2026-06-05T23:40:01Z] === Restarting dead loops ===
[2026-06-05T23:40:01Z] Skipped: buy30727-lane-supervisor (stop marker present)
[2026-06-05T23:40:03Z] Restarted 1 loops
[2026-06-05T23:40:01Z] Status: supervisor=true buy30331=0
0 buy30590=0
0 buy30727=0
0
[2026-06-05T23:42:01Z] ALERT: buy30331-sustained-loop is dead (supervisor alive but loop missing)
[2026-06-05T23:42:01Z] ALERT: buy30590-deep-page-loop is dead (supervisor alive but loop missing)
[2026-06-05T23:42:01Z] Triggering supervisor restart-dead for 2 dead loops
[2026-06-05T23:42:02Z] === Restarting dead loops ===
[2026-06-05T23:42:02Z] Skipped: buy30727-lane-supervisor (stop marker present)
[2026-06-05T23:42:04Z] Restarted 1 loops
[2026-06-05T23:42:01Z] Status: supervisor=true buy30331=0
0 buy30590=0
0 buy30727=0
0
[2026-06-05T23:44:01Z] ALERT: buy30331-sustained-loop is dead (supervisor alive but loop missing)
[2026-06-05T23:44:01Z] ALERT: buy30590-deep-page-loop is dead (supervisor alive but loop missing)
[2026-06-05T23:44:01Z] Triggering supervisor restart-dead for 2 dead loops
[2026-06-05T23:44:02Z] === Restarting dead loops ===
[2026-06-05T23:44:02Z] Skipped: buy30727-lane-supervisor (stop marker present)
[2026-06-05T23:44:04Z] Restarted 1 loops
[2026-06-05T23:44:01Z] Status: supervisor=true buy30331=0
0 buy30590=0
0 buy30727=0
0
[2026-06-05T23:46:01Z] ALERT: buy30331-sustained-loop is dead (supervisor alive but loop missing)
[2026-06-05T23:46:01Z] ALERT: buy30590-deep-page-loop is dead (supervisor alive but loop missing)
[2026-06-05T23:46:01Z] Triggering supervisor restart-dead for 2 dead loops
[2026-06-05T23:46:01Z] === Restarting dead loops ===
[2026-06-05T23:46:01Z] Skipped: buy30727-lane-supervisor (stop marker present)
[2026-06-05T23:46:03Z] Restarted 1 loops
[2026-06-05T23:46:01Z] Status: supervisor=true buy30331=0
0 buy30590=0
0 buy30727=0
0
[2026-06-05T23:48:01Z] ALERT: buy30331-sustained-loop is dead (supervisor alive but loop missing)
[2026-06-05T23:48:01Z] ALERT: buy30590-deep-page-loop is dead (supervisor alive but loop missing)
[2026-06-05T23:48:01Z] Triggering supervisor restart-dead for 2 dead loops
[2026-06-05T23:48:01Z] === Restarting dead loops ===
[2026-06-05T23:48:01Z] Skipped: buy30727-lane-supervisor (stop marker present)
[2026-06-05T23:48:03Z] Restarted 1 loops
[2026-06-05T23:48:01Z] Status: supervisor=true buy30331=0
0 buy30590=0
0 buy30727=0
0
[2026-06-05T23:50:01Z] ALERT: buy30331-sustained-loop is dead (supervisor alive but loop missing)
[2026-06-05T23:50:01Z] ALERT: buy30590-deep-page-loop is dead (supervisor alive but loop missing)
[2026-06-05T23:50:01Z] Triggering supervisor restart-dead for 2 dead loops
[2026-06-05T23:50:01Z] === Restarting dead loops ===
[2026-06-05T23:50:01Z] Skipped: buy30727-lane-supervisor (stop marker present)
[2026-06-05T23:50:03Z] Restarted 1 loops
[2026-06-05T23:50:01Z] Status: supervisor=true buy30331=0
0 buy30590=0
0 buy30727=0
0
[2026-06-05T23:52:01Z] ALERT: buy30331-sustained-loop is dead (supervisor alive but loop missing)
[2026-06-05T23:52:01Z] ALERT: buy30590-deep-page-loop is dead (supervisor alive but loop missing)
[2026-06-05T23:52:01Z] Triggering supervisor restart-dead for 2 dead loops
[2026-06-05T23:52:01Z] === Restarting dead loops ===
[2026-06-05T23:52:01Z] Skipped: buy30727-lane-supervisor (stop marker present)
[2026-06-05T23:52:03Z] Restarted 1 loops
[2026-06-05T23:52:01Z] Status: supervisor=true buy30331=0
0 buy30590=0
0 buy30727=0
0
[2026-06-05T23:54:01Z] ALERT: buy30331-sustained-loop is dead (supervisor alive but loop missing)
[2026-06-05T23:54:01Z] ALERT: buy30590-deep-page-loop is dead (supervisor alive but loop missing)
[2026-06-05T23:54:01Z] Triggering supervisor restart-dead for 2 dead loops
[2026-06-05T23:54:01Z] === Restarting dead loops ===
[2026-06-05T23:54:01Z] Skipped: buy30727-lane-supervisor (stop marker present)
[2026-06-05T23:54:03Z] Restarted 1 loops
[2026-06-05T23:54:01Z] Status: supervisor=true buy30331=0
0 buy30590=0
0 buy30727=0
0
[2026-06-05T23:56:01Z] ALERT: buy30331-sustained-loop is dead (supervisor alive but loop missing)
[2026-06-05T23:56:01Z] ALERT: buy30590-deep-page-loop is dead (supervisor alive but loop missing)
[2026-06-05T23:56:01Z] Triggering supervisor restart-dead for 2 dead loops
[2026-06-05T23:56:02Z] === Restarting dead loops ===
[2026-06-05T23:56:03Z] Skipped: buy30727-lane-supervisor (stop marker present)
[2026-06-05T23:56:05Z] Restarted 1 loops
[2026-06-05T23:56:01Z] Status: supervisor=true buy30331=0
0 buy30590=0
0 buy30727=0
0
